 
****************************************
Report : resources
Design : sqroot_comb_NBITS8
Version: F-2011.09-SP5
Date   : Sun Nov 11 23:00:31 2012
****************************************

Resource Sharing Report for design sqroot_comb_NBITS8 in file
        ./HDL/RTL/sqroot_comb_rtl.vhd

===============================================================================
|          |              |            | Contained     |                      |
| Resource | Module       | Parameters | Resources     | Contained Operations |
===============================================================================
| r26      | DW01_cmp2    | width=8    |               | lte_47               |
| r27      | DW01_add     | width=8    |               | add_49_I4            |
| r28      | DW01_sub     | width=8    |               | sub_1_root_sub_48_I4 |
| r35      | DW01_inc     | width=5    |               | add_57               |
| r428     | DW01_sub     | width=8    |               | sub_48               |
| r430     | DW01_add     | width=8    |               | add_47_I2            |
| r434     | DW01_sub     | width=8    |               | sub_1_root_sub_48_I2 |
| r436     | DW01_sub     | width=8    |               | sub_0_root_sub_48_I2 |
| r438     | DW01_add     | width=7    |               | add_49_I2            |
| r440     | DW01_add     | width=8    |               | add_47_I3            |
| r444     | DW01_sub     | width=8    |               | sub_1_root_sub_48_I3 |
| r446     | DW01_sub     | width=8    |               | sub_0_root_sub_48_I3 |
| r448     | DW01_add     | width=8    |               | add_49_I3            |
| r450     | DW01_inc     | width=8    |               | add_47_I4            |
| r461     | DW01_cmp2    | width=8    |               | lt_gt_56             |
| r463     | DW01_cmp2    | width=8    |               | lte_47_I4            |
| r466     | DW01_cmp2    | width=8    |               | lte_47_I3            |
| r471     | DW01_cmp2    | width=8    |               | lte_47_I2            |
===============================================================================


No implementations to report

No multiplexors to report
1
