 
****************************************
Report : area
Design : sqroot_comb_NBITS16
Version: F-2011.09-SP5
Date   : Mon Nov 12 16:15:20 2012
****************************************

Library(s) Used:

    c35_CORELIB (File: /dkits/ams/hk370/synopsys/c35_3.3V/c35_CORELIB.db)

Number of ports:                           26
Number of nets:                           884
Number of cells:                          860
Number of combinational cells:            859
Number of sequential cells:                 0
Number of macros:                           0
Number of buf/inv:                        346
Number of references:                      79

Combinational area:       78423.799995
Noncombinational area:       0.000000
Net Interconnect area:    15570.000000 

Total cell area:          78423.799995
Total area:               93993.799995
1
 
****************************************
Report : timing
        -path full
        -delay max
        -max_paths 1
Design : sqroot_comb_NBITS16
Version: F-2011.09-SP5
Date   : Mon Nov 12 16:15:20 2012
****************************************

Operating Conditions: nom_pvt   Library: c35_CORELIB
Wire Load Model Mode: enclosed

  Startpoint: arg[10] (input port)
  Endpoint: sqroot[3] (output port)
  Path Group: default
  Path Type: max

  Des/Clust/Port     Wire Load Model       Library
  ------------------------------------------------
  sqroot_comb_NBITS16
                     10k                   c35_CORELIB

  Point                                    Incr       Path
  -----------------------------------------------------------
  input external delay                     0.00       0.00 r
  arg[10] (in)                             0.00       0.00 r
  U708/Q (CLKIN15)                         0.04       0.04 f
  U1333/Q (NAND28)                         0.12       0.16 r
  U1418/Q (OAI212)                         0.08       0.24 f
  U1305/Q (AOI222)                         0.18       0.42 r
  U1184/Q (INV6)                           0.06       0.49 f
  U1222/Q (NAND21)                         0.20       0.68 r
  U1224/Q (NAND22)                         0.10       0.78 f
  U647/Q (NAND26)                          0.12       0.90 r
  U646/Q (INV4)                            0.07       0.97 f
  U1423/Q (NOR33)                          0.22       1.19 r
  U681/Q (INV8)                            0.10       1.30 f
  U1247/Q (NAND28)                         0.16       1.46 r
  U1101/Q (XNR22)                          0.29       1.75 r
  U1016/Q (NAND24)                         0.09       1.85 f
  U707/Q (NAND34)                          0.18       2.02 r
  U1150/Q (XOR31)                          0.72       2.74 r
  U1272/Q (NAND24)                         0.08       2.83 f
  U1147/Q (NAND28)                         0.14       2.97 r
  U680/Q (CLKIN12)                         0.06       3.03 f
  U1453/Q (OAI222)                         0.22       3.25 r
  U1050/Q (NAND24)                         0.07       3.33 f
  U1187/Q (OAI211)                         0.27       3.60 r
  U1455/Q (OAI222)                         0.13       3.73 f
  U1459/Q (AOI2112)                        0.22       3.95 r
  U729/Q (INV4)                            0.12       4.07 f
  U1461/Q (OAI2112)                        0.33       4.40 r
  U751/Q (INV6)                            0.06       4.46 f
  U1462/Q (OAI222)                         0.23       4.69 r
  U770/Q (INV6)                            0.08       4.77 f
  U1207/Q (XOR22)                          0.27       5.04 r
  U1208/Q (NAND24)                         0.06       5.11 f
  U1041/Q (NAND21)                         0.26       5.37 r
  U1043/Q (NAND23)                         0.09       5.46 f
  U1246/Q (OAI212)                         0.17       5.63 r
  U1323/Q (OAI222)                         0.12       5.75 f
  U1072/Q (NAND24)                         0.12       5.87 r
  U1491/Q (OAI212)                         0.11       5.98 f
  U912/Q (NAND26)                          0.17       6.15 r
  U1135/Q (CLKIN15)                        0.12       6.27 f
  U888/Q (NAND28)                          0.13       6.40 r
  U669/Q (INV10)                           0.04       6.44 f
  U1015/Q (NAND28)                         0.10       6.54 r
  U1014/Q (NAND28)                         0.06       6.60 f
  U1219/Q (CLKIN12)                        0.05       6.65 r
  U1005/Q (NAND26)                         0.04       6.69 f
  U1065/Q (NAND24)                         0.16       6.86 r
  U1255/Q (INV6)                           0.05       6.90 f
  U833/Q (NAND24)                          0.14       7.05 r
  U1057/Q (AOI222)                         0.09       7.13 f
  U1501/Q (OAI2112)                        0.28       7.42 r
  U775/Q (INV12)                           0.10       7.52 f
  U1361/Q (MUX21)                          0.38       7.90 r
  sqroot[3] (out)                          0.00       7.90 r
  data arrival time                                   7.90

  max_delay                                7.90       7.90
  output external delay                    0.00       7.90
  data required time                                  7.90
  -----------------------------------------------------------
  data required time                                  7.90
  data arrival time                                  -7.90
  -----------------------------------------------------------
  slack (MET)                                         0.00


1
 
****************************************
Report : resources
Design : sqroot_comb_NBITS16
Version: F-2011.09-SP5
Date   : Mon Nov 12 16:15:20 2012
****************************************

Resource Sharing Report for design sqroot_comb_NBITS16 in file
        ./HDL/RTL/sqroot_comb_rtl.vhd

===============================================================================
|          |              |            | Contained     |                      |
| Resource | Module       | Parameters | Resources     | Contained Operations |
===============================================================================
| r498     | DW_cmp       | width=16   |               | lte_43               |
| r500     | DW01_sub     | width=16   |               | sub_44               |
| r502     | DW01_add     | width=16   |               | add_43_I2            |
| r504     | DW_cmp       | width=16   |               | lte_43_I2            |
| r510     | DW01_add     | width=15   |               | add_45_I2            |
| r512     | DW01_add     | width=16   |               | add_43_I3            |
| r514     | DW_cmp       | width=16   |               | lte_43_I3            |
| r520     | DW01_add     | width=16   |               | add_45_I3            |
| r522     | DW01_add     | width=16   |               | add_43_I4            |
| r524     | DW_cmp       | width=16   |               | lte_43_I4            |
| r530     | DW01_add     | width=16   |               | add_45_I4            |
| r532     | DW01_add     | width=16   |               | add_43_I5            |
| r534     | DW_cmp       | width=16   |               | lte_43_I5            |
| r540     | DW01_add     | width=16   |               | add_45_I5            |
| r542     | DW01_add     | width=16   |               | add_43_I6            |
| r544     | DW_cmp       | width=16   |               | lte_43_I6            |
| r550     | DW01_add     | width=16   |               | add_45_I6            |
| r552     | DW01_add     | width=16   |               | add_43_I7            |
| r554     | DW_cmp       | width=16   |               | lte_43_I7            |
| r560     | DW01_add     | width=16   |               | add_45_I7            |
| r562     | DW01_inc     | width=16   |               | add_43_I8            |
| r564     | DW_cmp       | width=16   |               | lte_43_I8            |
| r566     | DW01_sub     | width=16   |               | sub_1_root_sub_44_I8 |
| r568     | DW01_add     | width=16   |               | add_45_I8            |
| r570     | DW_cmp       | width=16   |               | lt_gt_52             |
| r572     | DW01_inc     | width=9    |               | add_53               |
| r1160    | DW01_add     | width=16   |               | add_1_root_sub_0_root_sub_44_I2 |
| r1162    | DW01_sub     | width=16   |               | sub_0_root_sub_0_root_sub_44_I2 |
| r1751    | DW01_sub     | width=16   |               | sub_1_root_sub_0_root_sub_44_I3 |
| r1753    | DW01_sub     | width=16   |               | sub_0_root_sub_0_root_sub_44_I3 |
| r2341    | DW01_add     | width=16   |               | add_1_root_sub_0_root_sub_44_I4 |
| r2343    | DW01_sub     | width=16   |               | sub_0_root_sub_0_root_sub_44_I4 |
| r2932    | DW01_sub     | width=16   |               | sub_1_root_sub_0_root_sub_44_I5 |
| r2934    | DW01_sub     | width=16   |               | sub_0_root_sub_0_root_sub_44_I5 |
| r3523    | DW01_sub     | width=16   |               | sub_1_root_sub_0_root_sub_44_I6 |
| r3525    | DW01_sub     | width=16   |               | sub_0_root_sub_0_root_sub_44_I6 |
| r4114    | DW01_sub     | width=16   |               | sub_1_root_sub_0_root_sub_44_I7 |
| r4116    | DW01_sub     | width=16   |               | sub_0_root_sub_0_root_sub_44_I7 |
===============================================================================


Implementation Report
===============================================================================
|                    |                  | Current            | Set            |
| Cell               | Module           | Implementation     | Implementation |
===============================================================================
| add_53             | DW01_inc         | pparch (area,speed)                 |
===============================================================================


No multiplexors to report
 
****************************************
Design : sqroot_comb_NBITS16_DW01_inc_6
****************************************

No resource sharing information to report.

No implementations to report

No multiplexors to report
1
 
****************************************
Report : reference
Design : sqroot_comb_NBITS16
Version: F-2011.09-SP5
Date   : Mon Nov 12 16:15:20 2012
****************************************

Attributes:
    b - black box (unknown)
   bo - allows boundary optimization
    d - dont_touch
   mo - map_only
    h - hierarchical
    n - noncombinational
    r - removable
    s - synthetic operator
    u - contains unmapped logic

Reference          Library       Unit Area   Count    Total Area   Attributes
-----------------------------------------------------------------------------
AOI210             c35_CORELIB    72.800003       2   145.600006  
AOI211             c35_CORELIB    72.800003       1    72.800003  
AOI212             c35_CORELIB    91.000000      12  1092.000000  
AOI220             c35_CORELIB    91.000000       2   182.000000  
AOI222             c35_CORELIB   109.199997       3   327.599991  
AOI311             c35_CORELIB    91.000000       1    91.000000  
AOI312             c35_CORELIB   109.199997      12  1310.399963  
AOI2111            c35_CORELIB    91.000000       1    91.000000  
AOI2112            c35_CORELIB   127.400002       8  1019.200012  
BUF2               c35_CORELIB    54.599998      12   655.199982  
BUF6               c35_CORELIB    72.800003       3   218.400009  
BUF8               c35_CORELIB    91.000000       1    91.000000  
BUF15              c35_CORELIB   145.600006       3   436.800018  
CLKBU12            c35_CORELIB   109.199997       1   109.199997  
CLKBU15            c35_CORELIB   145.600006       3   436.800018  
CLKIN0             c35_CORELIB    36.400002       5   182.000008  
CLKIN1             c35_CORELIB    36.400002       2    72.800003  
CLKIN2             c35_CORELIB    36.400002       6   218.400009  
CLKIN3             c35_CORELIB    36.400002      32  1164.800049  
CLKIN4             c35_CORELIB    54.599998       3   163.799995  
CLKIN6             c35_CORELIB    54.599998      29  1583.399956  
CLKIN8             c35_CORELIB    72.800003       2   145.600006  
CLKIN10            c35_CORELIB    91.000000       3   273.000000  
CLKIN12            c35_CORELIB    91.000000       9   819.000000  
CLKIN15            c35_CORELIB   109.199997       7   764.399979  
IMUX20             c35_CORELIB    91.000000       4   364.000000  
IMUX22             c35_CORELIB   145.600006       1   145.600006  
IMUX24             c35_CORELIB   182.000000       6  1092.000000  
INV0               c35_CORELIB    36.400002      17   618.800026  
INV1               c35_CORELIB    36.400002      12   436.800018  
INV2               c35_CORELIB    36.400002      24   873.600037  
INV3               c35_CORELIB    36.400002      56  2038.400085  
INV4               c35_CORELIB    54.599998      21  1146.599968  
INV6               c35_CORELIB    54.599998      54  2948.399918  
INV8               c35_CORELIB    72.800003       6   436.800018  
INV10              c35_CORELIB    91.000000       9   819.000000  
INV12              c35_CORELIB    91.000000      17  1547.000000  
INV15              c35_CORELIB   109.199997       9   982.799973  
LOGIC0             c35_CORELIB    36.400002       1    36.400002  
MUX21              c35_CORELIB   109.199997       3   327.599991  
NAND20             c35_CORELIB    54.599998       5   272.999992  
NAND21             c35_CORELIB    54.599998      21  1146.599968  
NAND22             c35_CORELIB    54.599998      48  2620.799927  
NAND23             c35_CORELIB    91.000000      35  3185.000000  
NAND24             c35_CORELIB   109.199997      62  6770.399811  
NAND26             c35_CORELIB   163.800003      30  4914.000092  
NAND28             c35_CORELIB   182.000000      47  8554.000000  
NAND30             c35_CORELIB    72.800003       1    72.800003  
NAND32             c35_CORELIB   127.400002       4   509.600006  
NAND33             c35_CORELIB   127.400002       8  1019.200012  
NAND34             c35_CORELIB   163.800003      10  1638.000031  
NAND42             c35_CORELIB   145.600006       1   145.600006  
NAND43             c35_CORELIB   200.199997       3   600.599991  
NOR20              c35_CORELIB    54.599998       3   163.799995  
NOR21              c35_CORELIB    54.599998       6   327.599991  
NOR22              c35_CORELIB    72.800003       4   291.200012  
NOR23              c35_CORELIB    91.000000      10   910.000000  
NOR24              c35_CORELIB   109.199997       8   873.599976  
NOR31              c35_CORELIB    72.800003       1    72.800003  
NOR32              c35_CORELIB    91.000000       5   455.000000  
NOR33              c35_CORELIB   127.400002      10  1274.000015  
NOR41              c35_CORELIB    91.000000       1    91.000000  
NOR42              c35_CORELIB   163.800003       5   819.000015  
OAI210             c35_CORELIB    72.800003       4   291.200012  
OAI211             c35_CORELIB    72.800003       6   436.800018  
OAI212             c35_CORELIB    72.800003      39  2839.200119  
OAI220             c35_CORELIB    91.000000       1    91.000000  
OAI221             c35_CORELIB    91.000000       2   182.000000  
OAI222             c35_CORELIB    91.000000      21  1911.000000  
OAI311             c35_CORELIB    91.000000       2   182.000000  
OAI312             c35_CORELIB   109.199997      10  1091.999969  
OAI2111            c35_CORELIB    91.000000       1    91.000000  
OAI2112            c35_CORELIB   145.600006      13  1892.800079  
XNR20              c35_CORELIB   109.199997       4   436.799988  
XNR21              c35_CORELIB   109.199997       3   327.599991  
XNR22              c35_CORELIB   200.199997      10  2001.999969  
XOR22              c35_CORELIB   200.199997       6  1201.199982  
XOR31              c35_CORELIB   200.199997       6  1201.199982  
sqroot_comb_NBITS16_DW01_inc_6  2038.399994       1  2038.399994  h
-----------------------------------------------------------------------------
Total 79 references                                 78423.799995

****************************************
Design: sqroot_comb_NBITS16_DW01_inc_6 
****************************************
Reference          Library       Unit Area   Count    Total Area   Attributes
-----------------------------------------------------------------------------
CLKIN0             c35_CORELIB    36.400002       3   109.200005  
CLKIN3             c35_CORELIB    36.400002       1    36.400002  
INV0               c35_CORELIB    36.400002       4   145.600006  
INV2               c35_CORELIB    36.400002       2    72.800003  
NAND20             c35_CORELIB    54.599998       5   272.999992  
NAND21             c35_CORELIB    54.599998       3   163.799995  
NAND22             c35_CORELIB    54.599998       2   109.199997  
NOR20              c35_CORELIB    54.599998       1    54.599998  
NOR21              c35_CORELIB    54.599998       4   218.399994  
XNR20              c35_CORELIB   109.199997       1   109.199997  
XNR21              c35_CORELIB   109.199997       1   109.199997  
XOR21              c35_CORELIB   127.400002       5   637.000008  
-----------------------------------------------------------------------------
Total 12 references                                  2038.399994
1
