 
****************************************
Report : timing
        -path full
        -delay max
        -max_paths 1
Design : sqroot_comb_NBITS16
Version: F-2011.09-SP5
Date   : Mon Nov 12 15:30:33 2012
****************************************

Operating Conditions: nom_pvt   Library: c35_CORELIB
Wire Load Model Mode: enclosed

  Startpoint: arg[13] (input port)
  Endpoint: sqroot[1] (output port)
  Path Group: default
  Path Type: max

  Des/Clust/Port     Wire Load Model       Library
  ------------------------------------------------
  sqroot_comb_NBITS16
                     10k                   c35_CORELIB

  Point                                    Incr       Path
  -----------------------------------------------------------
  input external delay                     0.00       0.00 r
  arg[13] (in)                             0.00       0.00 r
  U768/Q (INV8)                            0.05       0.05 f
  U833/Q (NAND21)                          0.24       0.29 r
  U803/Q (AOI212)                          0.12       0.41 f
  U1288/Q (OAI212)                         0.26       0.67 r
  U932/Q (NOR32)                           0.24       0.90 f
  U1082/Q (XNR22)                          0.34       1.24 f
  U746/Q (INV3)                            0.21       1.45 r
  U660/Q (NAND23)                          0.07       1.52 f
  U659/Q (NAND24)                          0.19       1.71 r
  U1000/Q (NAND28)                         0.06       1.77 f
  U709/Q (CLKIN6)                          0.06       1.84 r
  U1303/Q (OAI212)                         0.08       1.91 f
  U1304/Q (OAI222)                         0.33       2.24 r
  U712/Q (INV4)                            0.14       2.38 f
  U1144/Q (NAND34)                         0.24       2.62 r
  U757/Q (INV6)                            0.11       2.73 f
  U765/Q (BUF6)                            0.23       2.96 f
  U1159/Q (NAND24)                         0.19       3.15 r
  U971/Q (NAND24)                          0.04       3.19 f
  U761/Q (CLKIN3)                          0.09       3.28 r
  U1095/Q (NAND22)                         0.07       3.36 f
  U1094/Q (INV4)                           0.16       3.51 r
  U950/Q (NOR23)                           0.09       3.60 f
  U949/Q (NAND24)                          0.15       3.76 r
  U879/Q (NAND26)                          0.07       3.83 f
  U1150/Q (NAND26)                         0.17       4.00 r
  U651/Q (CLKIN15)                         0.10       4.10 f
  U1156/Q (IMUX24)                         0.34       4.44 r
  U747/Q (INV6)                            0.12       4.56 f
  U1076/Q (NAND34)                         0.24       4.80 r
  U835/Q (INV6)                            0.08       4.88 f
  U1337/Q (OAI212)                         0.26       5.14 r
  U1024/Q (INV6)                           0.06       5.21 f
  U1361/Q (XOR31)                          0.65       5.85 r
  U1362/Q (OAI222)                         0.16       6.01 f
  U790/Q (CLKIN6)                          0.13       6.15 r
  U764/Q (NAND24)                          0.06       6.20 f
  U1238/Q (NAND43)                         0.32       6.52 r
  U972/Q (INV6)                            0.10       6.62 f
  U1124/Q (NAND28)                         0.14       6.76 r
  U1071/Q (NAND34)                         0.06       6.82 f
  U1380/Q (XNR22)                          0.31       7.13 r
  U674/Q (INV4)                            0.07       7.20 f
  U1260/Q (OAI222)                         0.18       7.38 r
  U1400/Q (OAI212)                         0.18       7.56 f
  U827/Q (NAND22)                          0.20       7.76 r
  U1405/Q (OAI212)                         0.08       7.84 f
  U1406/Q (OAI2112)                        0.25       8.09 r
  U725/Q (INV10)                           0.12       8.21 f
  U1100/Q (IMUX20)                         0.29       8.50 f
  sqroot[1] (out)                          0.00       8.50 f
  data arrival time                                   8.50

  max_delay                                8.50       8.50
  output external delay                    0.00       8.50
  data required time                                  8.50
  -----------------------------------------------------------
  data required time                                  8.50
  data arrival time                                  -8.50
  -----------------------------------------------------------
  slack (MET)                                         0.00


1
