 
****************************************
Report : timing
        -path full
        -delay max
        -max_paths 1
Design : sqroot_seq_NBITS8
Version: F-2011.09-SP5
Date   : Mon Nov 19 16:37:30 2012
****************************************

Operating Conditions: nom_pvt   Library: c35_CORELIB
Wire Load Model Mode: enclosed

  Startpoint: delta_reg_reg[3]
              (rising edge-triggered flip-flop clocked by clk)
  Endpoint: state_reg_reg[2]
            (rising edge-triggered flip-flop clocked by clk)
  Path Group: clk
  Path Type: max

  Des/Clust/Port     Wire Load Model       Library
  ------------------------------------------------
  sqroot_seq_NBITS8  10k                   c35_CORELIB
  sqroot_seq_NBITS8_DW01_sub_2
                     10k                   c35_CORELIB
  sqroot_seq_NBITS8_DW01_sub_4
                     10k                   c35_CORELIB

  Point                                                   Incr       Path
  --------------------------------------------------------------------------
  clock clk (rise edge)                                   0.00       0.00
  clock network delay (ideal)                             0.00       0.00
  delta_reg_reg[3]/C (DFC3)                               0.00       0.00 r
  delta_reg_reg[3]/Q (DFC3)                               0.74       0.74 f
  sub_1_root_sub_0_root_sub_138/B[3] (sqroot_seq_NBITS8_DW01_sub_2)
                                                          0.00       0.74 f
  sub_1_root_sub_0_root_sub_138/U69/Q (CLKIN8)            0.12       0.86 r
  sub_1_root_sub_0_root_sub_138/U117/Q (NOR23)            0.10       0.95 f
  sub_1_root_sub_0_root_sub_138/U123/Q (CLKIN6)           0.08       1.04 r
  sub_1_root_sub_0_root_sub_138/U122/Q (NAND24)           0.06       1.10 f
  sub_1_root_sub_0_root_sub_138/U93/Q (NAND28)            0.10       1.20 r
  sub_1_root_sub_0_root_sub_138/U29/Q (AOI212)            0.15       1.35 f
  sub_1_root_sub_0_root_sub_138/U142/Q (OAI212)           0.26       1.61 r
  sub_1_root_sub_0_root_sub_138/U71/Q (INV4)              0.08       1.69 f
  sub_1_root_sub_0_root_sub_138/U121/Q (NAND24)           0.14       1.84 r
  sub_1_root_sub_0_root_sub_138/U74/Q (NAND24)            0.07       1.91 f
  sub_1_root_sub_0_root_sub_138/DIFF[5] (sqroot_seq_NBITS8_DW01_sub_2)
                                                          0.00       1.91 f
  sub_0_root_sub_0_root_sub_138/A[5] (sqroot_seq_NBITS8_DW01_sub_4)
                                                          0.00       1.91 f
  sub_0_root_sub_0_root_sub_138/U20/Q (NOR24)             0.16       2.07 r
  sub_0_root_sub_0_root_sub_138/U112/Q (INV2)             0.07       2.14 f
  sub_0_root_sub_0_root_sub_138/U81/Q (NAND22)            0.17       2.31 r
  sub_0_root_sub_0_root_sub_138/U16/Q (XOR22)             0.30       2.61 r
  sub_0_root_sub_0_root_sub_138/DIFF[5] (sqroot_seq_NBITS8_DW01_sub_4)
                                                          0.00       2.61 r
  U238/Q (AOI2112)                                        0.21       2.81 f
  U112/Q (NAND24)                                         0.14       2.96 r
  U137/Q (INV3)                                           0.11       3.07 f
  U131/Q (NOR32)                                          0.15       3.22 r
  U153/Q (NOR23)                                          0.10       3.33 f
  U265/Q (OAI212)                                         0.17       3.49 r
  state_reg_reg[2]/D (DFC3)                               0.00       3.49 r
  data arrival time                                                  3.49

  clock clk (rise edge)                                   3.50       3.50
  clock network delay (ideal)                             0.00       3.50
  state_reg_reg[2]/C (DFC3)                               0.00       3.50 r
  library setup time                                      0.00       3.50
  data required time                                                 3.50
  --------------------------------------------------------------------------
  data required time                                                 3.50
  data arrival time                                                 -3.49
  --------------------------------------------------------------------------
  slack (MET)                                                        0.00


1
