 
****************************************
Report : resources
Design : sqroot_comb_NBITS16
Version: F-2011.09-SP5
Date   : Mon Nov 12 15:30:33 2012
****************************************

Resource Sharing Report for design sqroot_comb_NBITS16 in file
        ./HDL/RTL/sqroot_comb_rtl.vhd

===============================================================================
|          |              |            | Contained     |                      |
| Resource | Module       | Parameters | Resources     | Contained Operations |
===============================================================================
| r498     | DW_cmp       | width=16   |               | lte_43               |
| r500     | DW01_sub     | width=16   |               | sub_44               |
| r502     | DW01_add     | width=16   |               | add_43_I2            |
| r504     | DW_cmp       | width=16   |               | lte_43_I2            |
| r510     | DW01_add     | width=15   |               | add_45_I2            |
| r512     | DW01_add     | width=16   |               | add_43_I3            |
| r514     | DW_cmp       | width=16   |               | lte_43_I3            |
| r520     | DW01_add     | width=16   |               | add_45_I3            |
| r522     | DW01_add     | width=16   |               | add_43_I4            |
| r524     | DW_cmp       | width=16   |               | lte_43_I4            |
| r530     | DW01_add     | width=16   |               | add_45_I4            |
| r532     | DW01_add     | width=16   |               | add_43_I5            |
| r534     | DW_cmp       | width=16   |               | lte_43_I5            |
| r540     | DW01_add     | width=16   |               | add_45_I5            |
| r542     | DW01_add     | width=16   |               | add_43_I6            |
| r544     | DW_cmp       | width=16   |               | lte_43_I6            |
| r550     | DW01_add     | width=16   |               | add_45_I6            |
| r552     | DW01_add     | width=16   |               | add_43_I7            |
| r554     | DW_cmp       | width=16   |               | lte_43_I7            |
| r560     | DW01_add     | width=16   |               | add_45_I7            |
| r562     | DW01_inc     | width=16   |               | add_43_I8            |
| r564     | DW_cmp       | width=16   |               | lte_43_I8            |
| r566     | DW01_sub     | width=16   |               | sub_1_root_sub_44_I8 |
| r568     | DW01_add     | width=16   |               | add_45_I8            |
| r570     | DW_cmp       | width=16   |               | lt_gt_52             |
| r572     | DW01_inc     | width=9    |               | add_53               |
| r1160    | DW01_add     | width=16   |               | add_1_root_sub_0_root_sub_44_I2 |
| r1162    | DW01_sub     | width=16   |               | sub_0_root_sub_0_root_sub_44_I2 |
| r1751    | DW01_sub     | width=16   |               | sub_1_root_sub_0_root_sub_44_I3 |
| r1753    | DW01_sub     | width=16   |               | sub_0_root_sub_0_root_sub_44_I3 |
| r2341    | DW01_add     | width=16   |               | add_1_root_sub_0_root_sub_44_I4 |
| r2343    | DW01_sub     | width=16   |               | sub_0_root_sub_0_root_sub_44_I4 |
| r2932    | DW01_sub     | width=16   |               | sub_1_root_sub_0_root_sub_44_I5 |
| r2934    | DW01_sub     | width=16   |               | sub_0_root_sub_0_root_sub_44_I5 |
| r3523    | DW01_sub     | width=16   |               | sub_1_root_sub_0_root_sub_44_I6 |
| r3525    | DW01_sub     | width=16   |               | sub_0_root_sub_0_root_sub_44_I6 |
| r4114    | DW01_sub     | width=16   |               | sub_1_root_sub_0_root_sub_44_I7 |
| r4116    | DW01_sub     | width=16   |               | sub_0_root_sub_0_root_sub_44_I7 |
===============================================================================


Implementation Report
===============================================================================
|                    |                  | Current            | Set            |
| Cell               | Module           | Implementation     | Implementation |
===============================================================================
| add_53             | DW01_inc         | pparch (area,speed)                 |
===============================================================================


No multiplexors to report
 
****************************************
Design : sqroot_comb_NBITS16_DW01_inc_4
****************************************

No resource sharing information to report.

No implementations to report

No multiplexors to report
1
