
#  elaborate design
puts "-i- Elaborate design"
-i- Elaborate design
elaborate ${ENTITY_NAME} -architecture ${ARCH_NAME}           -parameters "NBITS = ${NBITS}"           -library DEFAULT -update
Loading db file '/softs/synopsys/syn/2011.09/libraries/syn/gtech.db'
Loading db file '/softs/synopsys/syn/2011.09/libraries/syn/standard.sldb'
  Loading link library 'c35_CORELIB'
  Loading link library 'gtech'
Running PRESTO HDLC

Statistics for case statements in always block at line 60 in file
        './HDL/RTL/sqroot_seq_rtl.vhd'
===============================================
|           Line           |  full/ parallel  |
===============================================
|            63            |    auto/auto     |
===============================================

Statistics for case statements in always block at line 114 in file
        './HDL/RTL/sqroot_seq_rtl.vhd'
===============================================
|           Line           |  full/ parallel  |
===============================================
|           120            |    auto/auto     |
===============================================

Inferred memory devices in process
        in routine sqroot_seq_NBITS8 line 50 in file
                './HDL/RTL/sqroot_seq_rtl.vhd'.
===============================================================================
|    Register Name    |   Type    | Width | Bus | MB | AR | AS | SR | SS | ST |
===============================================================================
|    state_reg_reg    | Flip-flop |   3   |  Y  | N  | Y  | N  | N  | N  | N  |
===============================================================================

Inferred memory devices in process
        in routine sqroot_seq_NBITS8 line 94 in file
                './HDL/RTL/sqroot_seq_rtl.vhd'.
===============================================================================
|    Register Name    |   Type    | Width | Bus | MB | AR | AS | SR | SS | ST |
===============================================================================
|     res_reg_reg     | Flip-flop |   8   |  Y  | N  | Y  | N  | N  | N  | N  |
|    root_reg_reg     | Flip-flop |   8   |  Y  | N  | Y  | N  | N  | N  | N  |
|    delta_reg_reg    | Flip-flop |   8   |  Y  | N  | Y  | N  | N  | N  | N  |
===============================================================================
Presto compilation completed successfully.
Elaborated 1 design.
Current design is now 'sqroot_seq_NBITS8'.



 
****************************************
Report : area
Design : sqroot_seq_NBITS8
Version: F-2011.09-SP5
Date   : Tue Nov 20 13:27:58 2012
****************************************

Library(s) Used:

    c35_CORELIB (File: /dkits/ams/hk370/synopsys/c35_3.3V/c35_CORELIB.db)

Number of ports:                           18
Number of nets:                           280
Number of cells:                          216
Number of combinational cells:            186
Number of sequential cells:                25
Number of macros:                           0
Number of buf/inv:                         65
Number of references:                      55

Combinational area:       37237.199936
Noncombinational area:    7734.999847
Net Interconnect area:    9243.000000  

Total cell area:          44972.199783
Total area:               54215.199783
1
 
****************************************
Report : timing
        -path full
        -delay max
        -max_paths 1
Design : sqroot_seq_NBITS8
Version: F-2011.09-SP5
Date   : Tue Nov 20 13:27:58 2012
****************************************

Operating Conditions: nom_pvt   Library: c35_CORELIB
Wire Load Model Mode: enclosed

  Startpoint: delta_reg_reg[3]
              (rising edge-triggered flip-flop clocked by clk)
  Endpoint: state_reg_reg[2]
            (rising edge-triggered flip-flop clocked by clk)
  Path Group: clk
  Path Type: max

  Des/Clust/Port     Wire Load Model       Library
  ------------------------------------------------
  sqroot_seq_NBITS8  10k                   c35_CORELIB
  sqroot_seq_NBITS8_DW01_sub_2
                     10k                   c35_CORELIB
  sqroot_seq_NBITS8_DW01_sub_4
                     10k                   c35_CORELIB

  Point                                                   Incr       Path
  --------------------------------------------------------------------------
  clock clk (rise edge)                                   0.00       0.00
  clock network delay (ideal)                             0.00       0.00
  delta_reg_reg[3]/C (DFC3)                               0.00       0.00 r
  delta_reg_reg[3]/Q (DFC3)                               0.74       0.74 f
  sub_1_root_sub_0_root_sub_139/B[3] (sqroot_seq_NBITS8_DW01_sub_2)
                                                          0.00       0.74 f
  sub_1_root_sub_0_root_sub_139/U69/Q (CLKIN8)            0.12       0.86 r
  sub_1_root_sub_0_root_sub_139/U117/Q (NOR23)            0.10       0.95 f
  sub_1_root_sub_0_root_sub_139/U123/Q (CLKIN6)           0.08       1.04 r
  sub_1_root_sub_0_root_sub_139/U122/Q (NAND24)           0.06       1.10 f
  sub_1_root_sub_0_root_sub_139/U93/Q (NAND28)            0.10       1.20 r
  sub_1_root_sub_0_root_sub_139/U29/Q (AOI212)            0.15       1.35 f
  sub_1_root_sub_0_root_sub_139/U142/Q (OAI212)           0.26       1.61 r
  sub_1_root_sub_0_root_sub_139/U71/Q (INV4)              0.08       1.69 f
  sub_1_root_sub_0_root_sub_139/U121/Q (NAND24)           0.14       1.84 r
  sub_1_root_sub_0_root_sub_139/U74/Q (NAND24)            0.07       1.91 f
  sub_1_root_sub_0_root_sub_139/DIFF[5] (sqroot_seq_NBITS8_DW01_sub_2)
                                                          0.00       1.91 f
  sub_0_root_sub_0_root_sub_139/A[5] (sqroot_seq_NBITS8_DW01_sub_4)
                                                          0.00       1.91 f
  sub_0_root_sub_0_root_sub_139/U20/Q (NOR24)             0.16       2.07 r
  sub_0_root_sub_0_root_sub_139/U112/Q (INV2)             0.07       2.14 f
  sub_0_root_sub_0_root_sub_139/U81/Q (NAND22)            0.17       2.31 r
  sub_0_root_sub_0_root_sub_139/U16/Q (XOR22)             0.30       2.61 r
  sub_0_root_sub_0_root_sub_139/DIFF[5] (sqroot_seq_NBITS8_DW01_sub_4)
                                                          0.00       2.61 r
  U238/Q (AOI2112)                                        0.21       2.81 f
  U112/Q (NAND24)                                         0.14       2.96 r
  U137/Q (INV3)                                           0.11       3.07 f
  U131/Q (NOR32)                                          0.15       3.22 r
  U153/Q (NOR23)                                          0.10       3.33 f
  U265/Q (OAI212)                                         0.17       3.49 r
  state_reg_reg[2]/D (DFC3)                               0.00       3.49 r
  data arrival time                                                  3.49

  clock clk (rise edge)                                   3.50       3.50
  clock network delay (ideal)                             0.00       3.50
  state_reg_reg[2]/C (DFC3)                               0.00       3.50 r
  library setup time                                      0.00       3.50
  data required time                                                 3.50
  --------------------------------------------------------------------------
  data required time                                                 3.50
  data arrival time                                                 -3.49
  --------------------------------------------------------------------------
  slack (MET)                                                        0.00


1
 
****************************************
Report : resources
Design : sqroot_seq_NBITS8
Version: F-2011.09-SP5
Date   : Tue Nov 20 13:27:58 2012
****************************************

Resource Sharing Report for design sqroot_seq_NBITS8 in file
        ./HDL/RTL/sqroot_seq_rtl.vhd

===============================================================================
|          |              |            | Contained     |                      |
| Resource | Module       | Parameters | Resources     | Contained Operations |
===============================================================================
| r337     | DW_cmp       | width=8    |               | lte_gte_109          |
| r339     | DW_cmp       | width=8    |               | lt_gt_110            |
| r341     | DW01_add     | width=8    |               | add_111              |
| r343     | DW_cmp       | width=8    |               | lte_111              |
| r349     | DW01_add     | width=8    |               | add_140              |
| r351     | DW01_inc     | width=8    |               | add_143              |
| r940     | DW01_sub     | width=8    |               | sub_1_root_sub_0_root_sub_139 |
| r942     | DW01_sub     | width=8    |               | sub_0_root_sub_0_root_sub_139 |
===============================================================================


Implementation Report
===============================================================================
|                    |                  | Current            | Set            |
| Cell               | Module           | Implementation     | Implementation |
===============================================================================
| add_111            | DW01_add         | pparch (area,speed)                 |
| sub_0_root_sub_0_root_sub_139         |                    |                |
|                    | DW01_sub         | pparch (area,speed)                 |
| add_143            | DW01_inc         | pparch (area,speed)                 |
| add_140            | DW01_add         | pparch (area,speed)                 |
| sub_1_root_sub_0_root_sub_139         |                    |                |
|                    | DW01_sub         | pparch (speed)     |                |
===============================================================================


No multiplexors to report
 
****************************************
Design : sqroot_seq_NBITS8_DW01_add_4
****************************************

No resource sharing information to report.

No implementations to report

No multiplexors to report
 
****************************************
Design : sqroot_seq_NBITS8_DW01_sub_4
****************************************

No resource sharing information to report.

No implementations to report

No multiplexors to report
 
****************************************
Design : sqroot_seq_NBITS8_DW01_inc_1
****************************************

No resource sharing information to report.

No implementations to report

No multiplexors to report
 
****************************************
Design : sqroot_seq_NBITS8_DW01_add_3
****************************************

No resource sharing information to report.

No implementations to report

No multiplexors to report
 
****************************************
Design : sqroot_seq_NBITS8_DW01_sub_2
****************************************

No resource sharing information to report.

No implementations to report

No multiplexors to report
1
 
****************************************
Report : reference
Design : sqroot_seq_NBITS8
Version: F-2011.09-SP5
Date   : Tue Nov 20 13:27:58 2012
****************************************

Attributes:
    b - black box (unknown)
   bo - allows boundary optimization
    d - dont_touch
   mo - map_only
    h - hierarchical
    n - noncombinational
    r - removable
    s - synthetic operator
    u - contains unmapped logic

Reference          Library       Unit Area   Count    Total Area   Attributes
-----------------------------------------------------------------------------
AOI211             c35_CORELIB    72.800003       1    72.800003  
AOI212             c35_CORELIB    91.000000       3   273.000000  
AOI220             c35_CORELIB    91.000000       1    91.000000  
AOI221             c35_CORELIB    91.000000       4   364.000000  
AOI222             c35_CORELIB   109.199997       9   982.799973  
AOI310             c35_CORELIB    91.000000       1    91.000000  
AOI312             c35_CORELIB   109.199997       3   327.599991  
AOI2112            c35_CORELIB   127.400002       3   382.200005  
BUF2               c35_CORELIB    54.599998       1    54.599998  
CLKBU15            c35_CORELIB   145.600006       1   145.600006  
CLKIN3             c35_CORELIB    36.400002      18   655.200027  
CLKIN4             c35_CORELIB    54.599998       2   109.199997  
CLKIN6             c35_CORELIB    54.599998       1    54.599998  
CLKIN12            c35_CORELIB    91.000000       1    91.000000  
CLKIN15            c35_CORELIB   109.199997       1   109.199997  
DFC1               c35_CORELIB   309.399994       3   928.199982  n
DFC3               c35_CORELIB   309.399994      22  6806.799866  n
INV0               c35_CORELIB    36.400002       6   218.400009  
INV1               c35_CORELIB    36.400002       4   145.600006  
INV2               c35_CORELIB    36.400002       1    36.400002  
INV3               c35_CORELIB    36.400002      11   400.400017  
INV4               c35_CORELIB    54.599998       3   163.799995  
INV6               c35_CORELIB    54.599998      14   764.399979  
INV8               c35_CORELIB    72.800003       1    72.800003  
LOGIC0             c35_CORELIB    36.400002       1    36.400002  
LOGIC1             c35_CORELIB    36.400002       1    36.400002  
NAND20             c35_CORELIB    54.599998       1    54.599998  
NAND21             c35_CORELIB    54.599998       4   218.399994  
NAND22             c35_CORELIB    54.599998      26  1419.599960  
NAND23             c35_CORELIB    91.000000       4   364.000000  
NAND24             c35_CORELIB   109.199997       3   327.599991  
NAND26             c35_CORELIB   163.800003       7  1146.600021  
NAND28             c35_CORELIB   182.000000       1   182.000000  
NAND31             c35_CORELIB    72.800003       2   145.600006  
NAND32             c35_CORELIB   127.400002       1   127.400002  
NAND33             c35_CORELIB   127.400002       2   254.800003  
NOR20              c35_CORELIB    54.599998       1    54.599998  
NOR22              c35_CORELIB    72.800003       1    72.800003  
NOR23              c35_CORELIB    91.000000       3   273.000000  
NOR31              c35_CORELIB    72.800003       4   291.200012  
NOR32              c35_CORELIB    91.000000       2   182.000000  
NOR40              c35_CORELIB    72.800003       1    72.800003  
OAI210             c35_CORELIB    72.800003       3   218.400009  
OAI212             c35_CORELIB    72.800003      10   728.000031  
OAI221             c35_CORELIB    91.000000       1    91.000000  
OAI222             c35_CORELIB    91.000000      10   910.000000  
OAI312             c35_CORELIB   109.199997       1   109.199997  
OAI2110            c35_CORELIB    91.000000       1    91.000000  
OAI2111            c35_CORELIB    91.000000       2   182.000000  
OAI2112            c35_CORELIB   145.600006       3   436.800018  
sqroot_seq_NBITS8_DW01_add_3   4258.799988       1   4258.799988  h
sqroot_seq_NBITS8_DW01_add_4   5532.799965       1   5532.799965  h
sqroot_seq_NBITS8_DW01_inc_1   2056.599991       1   2056.599991  h
sqroot_seq_NBITS8_DW01_sub_2   6297.199974       1   6297.199974  h
sqroot_seq_NBITS8_DW01_sub_4   5459.999962       1   5459.999962  h
-----------------------------------------------------------------------------
Total 55 references                                 44972.199783

****************************************
Design: sqroot_seq_NBITS8_DW01_add_3 
****************************************
Reference          Library       Unit Area   Count    Total Area   Attributes
-----------------------------------------------------------------------------
AOI212             c35_CORELIB    91.000000       1    91.000000  
BUF6               c35_CORELIB    72.800003       1    72.800003  
CLKIN3             c35_CORELIB    36.400002       1    36.400002  
CLKIN6             c35_CORELIB    54.599998       3   163.799995  
INV0               c35_CORELIB    36.400002       2    72.800003  
INV2               c35_CORELIB    36.400002       3   109.200005  
INV3               c35_CORELIB    36.400002      10   364.000015  
INV6               c35_CORELIB    54.599998       1    54.599998  
LOGIC1             c35_CORELIB    36.400002       1    36.400002  
NAND21             c35_CORELIB    54.599998       1    54.599998  
NAND22             c35_CORELIB    54.599998      12   655.199982  
NAND23             c35_CORELIB    91.000000       5   455.000000  
NAND24             c35_CORELIB   109.199997       4   436.799988  
NAND26             c35_CORELIB   163.800003       1   163.800003  
NOR20              c35_CORELIB    54.599998       1    54.599998  
NOR21              c35_CORELIB    54.599998       3   163.799995  
NOR23              c35_CORELIB    91.000000       2   182.000000  
NOR24              c35_CORELIB   109.199997       2   218.399994  
OAI210             c35_CORELIB    72.800003       1    72.800003  
OAI211             c35_CORELIB    72.800003       1    72.800003  
OAI212             c35_CORELIB    72.800003       3   218.400009  
XNR21              c35_CORELIB   109.199997       1   109.199997  
XNR22              c35_CORELIB   200.199997       1   200.199997  
XOR22              c35_CORELIB   200.199997       1   200.199997  
-----------------------------------------------------------------------------
Total 24 references                                  4258.799988

****************************************
Design: sqroot_seq_NBITS8_DW01_add_4 
****************************************
Reference          Library       Unit Area   Count    Total Area   Attributes
-----------------------------------------------------------------------------
AOI210             c35_CORELIB    72.800003       1    72.800003  
AOI212             c35_CORELIB    91.000000       2   182.000000  
CLKIN3             c35_CORELIB    36.400002       2    72.800003  
CLKIN6             c35_CORELIB    54.599998       4   218.399994  
CLKIN12            c35_CORELIB    91.000000       2   182.000000  
INV0               c35_CORELIB    36.400002       2    72.800003  
INV1               c35_CORELIB    36.400002       2    72.800003  
INV2               c35_CORELIB    36.400002       3   109.200005  
INV3               c35_CORELIB    36.400002       2    72.800003  
INV4               c35_CORELIB    54.599998       1    54.599998  
INV6               c35_CORELIB    54.599998       6   327.599991  
LOGIC1             c35_CORELIB    36.400002       1    36.400002  
NAND20             c35_CORELIB    54.599998       1    54.599998  
NAND21             c35_CORELIB    54.599998       2   109.199997  
NAND22             c35_CORELIB    54.599998       9   491.399986  
NAND23             c35_CORELIB    91.000000       5   455.000000  
NAND24             c35_CORELIB   109.199997       5   545.999985  
NAND26             c35_CORELIB   163.800003       3   491.400009  
NAND28             c35_CORELIB   182.000000       2   364.000000  
NOR20              c35_CORELIB    54.599998       1    54.599998  
NOR24              c35_CORELIB   109.199997       5   545.999985  
OAI212             c35_CORELIB    72.800003       3   218.400009  
XNR22              c35_CORELIB   200.199997       1   200.199997  
XOR21              c35_CORELIB   127.400002       1   127.400002  
XOR22              c35_CORELIB   200.199997       2   400.399994  
-----------------------------------------------------------------------------
Total 25 references                                  5532.799965

****************************************
Design: sqroot_seq_NBITS8_DW01_inc_1 
****************************************
Reference          Library       Unit Area   Count    Total Area   Attributes
-----------------------------------------------------------------------------
CLKIN0             c35_CORELIB    36.400002       1    36.400002  
CLKIN2             c35_CORELIB    36.400002       1    36.400002  
INV1               c35_CORELIB    36.400002       1    36.400002  
INV2               c35_CORELIB    36.400002       2    72.800003  
INV3               c35_CORELIB    36.400002       5   182.000008  
NAND21             c35_CORELIB    54.599998       1    54.599998  
NAND22             c35_CORELIB    54.599998       5   272.999992  
NAND24             c35_CORELIB   109.199997       1   109.199997  
NOR21              c35_CORELIB    54.599998       2   109.199997  
NOR22              c35_CORELIB    72.800003       1    72.800003  
XNR21              c35_CORELIB   109.199997       2   218.399994  
XNR22              c35_CORELIB   200.199997       1   200.199997  
XOR21              c35_CORELIB   127.400002       2   254.800003  
XOR22              c35_CORELIB   200.199997       2   400.399994  
-----------------------------------------------------------------------------
Total 14 references                                  2056.599991

****************************************
Design: sqroot_seq_NBITS8_DW01_sub_2 
****************************************
Reference          Library       Unit Area   Count    Total Area   Attributes
-----------------------------------------------------------------------------
AOI211             c35_CORELIB    72.800003       1    72.800003  
AOI212             c35_CORELIB    91.000000       2   182.000000  
CLKIN3             c35_CORELIB    36.400002       1    36.400002  
CLKIN6             c35_CORELIB    54.599998      10   545.999985  
CLKIN8             c35_CORELIB    72.800003       1    72.800003  
INV1               c35_CORELIB    36.400002       2    72.800003  
INV2               c35_CORELIB    36.400002       1    36.400002  
INV3               c35_CORELIB    36.400002      15   546.000023  
INV4               c35_CORELIB    54.599998       2   109.199997  
INV6               c35_CORELIB    54.599998       1    54.599998  
LOGIC0             c35_CORELIB    36.400002       1    36.400002  
NAND21             c35_CORELIB    54.599998       2   109.199997  
NAND22             c35_CORELIB    54.599998      15   818.999977  
NAND23             c35_CORELIB    91.000000       3   273.000000  
NAND24             c35_CORELIB   109.199997      10  1091.999969  
NAND26             c35_CORELIB   163.800003       3   491.400009  
NAND28             c35_CORELIB   182.000000       3   546.000000  
NOR21              c35_CORELIB    54.599998       1    54.599998  
NOR23              c35_CORELIB    91.000000       6   546.000000  
OAI212             c35_CORELIB    72.800003       4   291.200012  
XNR21              c35_CORELIB   109.199997       1   109.199997  
XOR22              c35_CORELIB   200.199997       1   200.199997  
-----------------------------------------------------------------------------
Total 22 references                                  6297.199974

****************************************
Design: sqroot_seq_NBITS8_DW01_sub_4 
****************************************
Reference          Library       Unit Area   Count    Total Area   Attributes
-----------------------------------------------------------------------------
AOI212             c35_CORELIB    91.000000       3   273.000000  
CLKIN4             c35_CORELIB    54.599998       1    54.599998  
CLKIN6             c35_CORELIB    54.599998       1    54.599998  
INV1               c35_CORELIB    36.400002       1    36.400002  
INV2               c35_CORELIB    36.400002       3   109.200005  
INV3               c35_CORELIB    36.400002      15   546.000023  
INV6               c35_CORELIB    54.599998       3   163.799995  
NAND22             c35_CORELIB    54.599998      17   928.199974  
NAND24             c35_CORELIB   109.199997       5   545.999985  
NAND26             c35_CORELIB   163.800003       1   163.800003  
NAND28             c35_CORELIB   182.000000       1   182.000000  
NOR21              c35_CORELIB    54.599998       1    54.599998  
NOR22              c35_CORELIB    72.800003       2   145.600006  
NOR23              c35_CORELIB    91.000000       1    91.000000  
NOR24              c35_CORELIB   109.199997       6   655.199982  
OAI212             c35_CORELIB    72.800003       3   218.400009  
XNR21              c35_CORELIB   109.199997       1   109.199997  
XNR22              c35_CORELIB   200.199997       2   400.399994  
XOR21              c35_CORELIB   127.400002       1   127.400002  
XOR22              c35_CORELIB   200.199997       3   600.599991  
-----------------------------------------------------------------------------
Total 20 references                                  5459.999962
1
