8 BITS REPORT:





#  elaborate design
puts "-i- Elaborate design"
-i- Elaborate design
elaborate ${ENTITY_NAME} -architecture ${ARCH_NAME}           -parameters "NBITS = ${NBITS}"           -library DEFAULT -update
Loading db file '/softs/synopsys/syn/2011.09/libraries/syn/gtech.db'
Loading db file '/softs/synopsys/syn/2011.09/libraries/syn/standard.sldb'
  Loading link library 'c35_CORELIB'
  Loading link library 'gtech'
Running PRESTO HDLC

Statistics for case statements in always block at line 60 in file
        './HDL/RTL/sqroot_seq_rtl.vhd'
===============================================
|           Line           |  full/ parallel  |
===============================================
|            63            |    auto/auto     |
===============================================

Statistics for case statements in always block at line 114 in file
        './HDL/RTL/sqroot_seq_rtl.vhd'
===============================================
|           Line           |  full/ parallel  |
===============================================
|           120            |    auto/auto     |
===============================================

Inferred memory devices in process
        in routine sqroot_seq_NBITS8 line 50 in file
                './HDL/RTL/sqroot_seq_rtl.vhd'.
===============================================================================
|    Register Name    |   Type    | Width | Bus | MB | AR | AS | SR | SS | ST |
===============================================================================
|    state_reg_reg    | Flip-flop |   3   |  Y  | N  | Y  | N  | N  | N  | N  |
===============================================================================

Inferred memory devices in process
        in routine sqroot_seq_NBITS8 line 94 in file
                './HDL/RTL/sqroot_seq_rtl.vhd'.
===============================================================================
|    Register Name    |   Type    | Width | Bus | MB | AR | AS | SR | SS | ST |
===============================================================================
|     res_reg_reg     | Flip-flop |   8   |  Y  | N  | Y  | N  | N  | N  | N  |
|    root_reg_reg     | Flip-flop |   8   |  Y  | N  | Y  | N  | N  | N  | N  |
|    delta_reg_reg    | Flip-flop |   8   |  Y  | N  | Y  | N  | N  | N  | N  |
===============================================================================
Presto compilation completed successfully.
Elaborated 1 design.
Current design is now 'sqroot_seq_NBITS8'.



 
****************************************
Report : area
Design : sqroot_seq_NBITS8
Version: F-2011.09-SP5
Date   : Tue Nov 20 13:27:58 2012
****************************************

Library(s) Used:

    c35_CORELIB (File: /dkits/ams/hk370/synopsys/c35_3.3V/c35_CORELIB.db)

Number of ports:                           18
Number of nets:                           280
Number of cells:                          216
Number of combinational cells:            186
Number of sequential cells:                25
Number of macros:                           0
Number of buf/inv:                         65
Number of references:                      55

Combinational area:       37237.199936
Noncombinational area:    7734.999847
Net Interconnect area:    9243.000000  

Total cell area:          44972.199783
Total area:               54215.199783
1
 
****************************************
Report : timing
        -path full
        -delay max
        -max_paths 1
Design : sqroot_seq_NBITS8
Version: F-2011.09-SP5
Date   : Tue Nov 20 13:27:58 2012
****************************************

Operating Conditions: nom_pvt   Library: c35_CORELIB
Wire Load Model Mode: enclosed

  Startpoint: delta_reg_reg[3]
              (rising edge-triggered flip-flop clocked by clk)
  Endpoint: state_reg_reg[2]
            (rising edge-triggered flip-flop clocked by clk)
  Path Group: clk
  Path Type: max

  Des/Clust/Port     Wire Load Model       Library
  ------------------------------------------------
  sqroot_seq_NBITS8  10k                   c35_CORELIB
  sqroot_seq_NBITS8_DW01_sub_2
                     10k                   c35_CORELIB
  sqroot_seq_NBITS8_DW01_sub_4
                     10k                   c35_CORELIB

  Point                                                   Incr       Path
  --------------------------------------------------------------------------
  clock clk (rise edge)                                   0.00       0.00
  clock network delay (ideal)                             0.00       0.00
  delta_reg_reg[3]/C (DFC3)                               0.00       0.00 r
  delta_reg_reg[3]/Q (DFC3)                               0.74       0.74 f
  sub_1_root_sub_0_root_sub_139/B[3] (sqroot_seq_NBITS8_DW01_sub_2)
                                                          0.00       0.74 f
  sub_1_root_sub_0_root_sub_139/U69/Q (CLKIN8)            0.12       0.86 r
  sub_1_root_sub_0_root_sub_139/U117/Q (NOR23)            0.10       0.95 f
  sub_1_root_sub_0_root_sub_139/U123/Q (CLKIN6)           0.08       1.04 r
  sub_1_root_sub_0_root_sub_139/U122/Q (NAND24)           0.06       1.10 f
  sub_1_root_sub_0_root_sub_139/U93/Q (NAND28)            0.10       1.20 r
  sub_1_root_sub_0_root_sub_139/U29/Q (AOI212)            0.15       1.35 f
  sub_1_root_sub_0_root_sub_139/U142/Q (OAI212)           0.26       1.61 r
  sub_1_root_sub_0_root_sub_139/U71/Q (INV4)              0.08       1.69 f
  sub_1_root_sub_0_root_sub_139/U121/Q (NAND24)           0.14       1.84 r
  sub_1_root_sub_0_root_sub_139/U74/Q (NAND24)            0.07       1.91 f
  sub_1_root_sub_0_root_sub_139/DIFF[5] (sqroot_seq_NBITS8_DW01_sub_2)
                                                          0.00       1.91 f
  sub_0_root_sub_0_root_sub_139/A[5] (sqroot_seq_NBITS8_DW01_sub_4)
                                                          0.00       1.91 f
  sub_0_root_sub_0_root_sub_139/U20/Q (NOR24)             0.16       2.07 r
  sub_0_root_sub_0_root_sub_139/U112/Q (INV2)             0.07       2.14 f
  sub_0_root_sub_0_root_sub_139/U81/Q (NAND22)            0.17       2.31 r
  sub_0_root_sub_0_root_sub_139/U16/Q (XOR22)             0.30       2.61 r
  sub_0_root_sub_0_root_sub_139/DIFF[5] (sqroot_seq_NBITS8_DW01_sub_4)
                                                          0.00       2.61 r
  U238/Q (AOI2112)                                        0.21       2.81 f
  U112/Q (NAND24)                                         0.14       2.96 r
  U137/Q (INV3)                                           0.11       3.07 f
  U131/Q (NOR32)                                          0.15       3.22 r
  U153/Q (NOR23)                                          0.10       3.33 f
  U265/Q (OAI212)                                         0.17       3.49 r
  state_reg_reg[2]/D (DFC3)                               0.00       3.49 r
  data arrival time                                                  3.49

  clock clk (rise edge)                                   3.50       3.50
  clock network delay (ideal)                             0.00       3.50
  state_reg_reg[2]/C (DFC3)                               0.00       3.50 r
  library setup time                                      0.00       3.50
  data required time                                                 3.50
  --------------------------------------------------------------------------
  data required time                                                 3.50
  data arrival time                                                 -3.49
  --------------------------------------------------------------------------
  slack (MET)                                                        0.00


1
 
****************************************
Report : resources
Design : sqroot_seq_NBITS8
Version: F-2011.09-SP5
Date   : Tue Nov 20 13:27:58 2012
****************************************

Resource Sharing Report for design sqroot_seq_NBITS8 in file
        ./HDL/RTL/sqroot_seq_rtl.vhd

===============================================================================
|          |              |            | Contained     |                      |
| Resource | Module       | Parameters | Resources     | Contained Operations |
===============================================================================
| r337     | DW_cmp       | width=8    |               | lte_gte_109          |
| r339     | DW_cmp       | width=8    |               | lt_gt_110            |
| r341     | DW01_add     | width=8    |               | add_111              |
| r343     | DW_cmp       | width=8    |               | lte_111              |
| r349     | DW01_add     | width=8    |               | add_140              |
| r351     | DW01_inc     | width=8    |               | add_143              |
| r940     | DW01_sub     | width=8    |               | sub_1_root_sub_0_root_sub_139 |
| r942     | DW01_sub     | width=8    |               | sub_0_root_sub_0_root_sub_139 |
===============================================================================


Implementation Report
===============================================================================
|                    |                  | Current            | Set            |
| Cell               | Module           | Implementation     | Implementation |
===============================================================================
| add_111            | DW01_add         | pparch (area,speed)                 |
| sub_0_root_sub_0_root_sub_139         |                    |                |
|                    | DW01_sub         | pparch (area,speed)                 |
| add_143            | DW01_inc         | pparch (area,speed)                 |
| add_140            | DW01_add         | pparch (area,speed)                 |
| sub_1_root_sub_0_root_sub_139         |                    |                |
|                    | DW01_sub         | pparch (speed)     |                |
===============================================================================


No multiplexors to report
 
****************************************
Design : sqroot_seq_NBITS8_DW01_add_4
****************************************

No resource sharing information to report.

No implementations to report

No multiplexors to report
 
****************************************
Design : sqroot_seq_NBITS8_DW01_sub_4
****************************************

No resource sharing information to report.

No implementations to report

No multiplexors to report
 
****************************************
Design : sqroot_seq_NBITS8_DW01_inc_1
****************************************

No resource sharing information to report.

No implementations to report

No multiplexors to report
 
****************************************
Design : sqroot_seq_NBITS8_DW01_add_3
****************************************

No resource sharing information to report.

No implementations to report

No multiplexors to report
 
****************************************
Design : sqroot_seq_NBITS8_DW01_sub_2
****************************************

No resource sharing information to report.

No implementations to report

No multiplexors to report
1
 
****************************************
Report : reference
Design : sqroot_seq_NBITS8
Version: F-2011.09-SP5
Date   : Tue Nov 20 13:27:58 2012
****************************************

Attributes:
    b - black box (unknown)
   bo - allows boundary optimization
    d - dont_touch
   mo - map_only
    h - hierarchical
    n - noncombinational
    r - removable
    s - synthetic operator
    u - contains unmapped logic

Reference          Library       Unit Area   Count    Total Area   Attributes
-----------------------------------------------------------------------------
AOI211             c35_CORELIB    72.800003       1    72.800003  
AOI212             c35_CORELIB    91.000000       3   273.000000  
AOI220             c35_CORELIB    91.000000       1    91.000000  
AOI221             c35_CORELIB    91.000000       4   364.000000  
AOI222             c35_CORELIB   109.199997       9   982.799973  
AOI310             c35_CORELIB    91.000000       1    91.000000  
AOI312             c35_CORELIB   109.199997       3   327.599991  
AOI2112            c35_CORELIB   127.400002       3   382.200005  
BUF2               c35_CORELIB    54.599998       1    54.599998  
CLKBU15            c35_CORELIB   145.600006       1   145.600006  
CLKIN3             c35_CORELIB    36.400002      18   655.200027  
CLKIN4             c35_CORELIB    54.599998       2   109.199997  
CLKIN6             c35_CORELIB    54.599998       1    54.599998  
CLKIN12            c35_CORELIB    91.000000       1    91.000000  
CLKIN15            c35_CORELIB   109.199997       1   109.199997  
DFC1               c35_CORELIB   309.399994       3   928.199982  n
DFC3               c35_CORELIB   309.399994      22  6806.799866  n
INV0               c35_CORELIB    36.400002       6   218.400009  
INV1               c35_CORELIB    36.400002       4   145.600006  
INV2               c35_CORELIB    36.400002       1    36.400002  
INV3               c35_CORELIB    36.400002      11   400.400017  
INV4               c35_CORELIB    54.599998       3   163.799995  
INV6               c35_CORELIB    54.599998      14   764.399979  
INV8               c35_CORELIB    72.800003       1    72.800003  
LOGIC0             c35_CORELIB    36.400002       1    36.400002  
LOGIC1             c35_CORELIB    36.400002       1    36.400002  
NAND20             c35_CORELIB    54.599998       1    54.599998  
NAND21             c35_CORELIB    54.599998       4   218.399994  
NAND22             c35_CORELIB    54.599998      26  1419.599960  
NAND23             c35_CORELIB    91.000000       4   364.000000  
NAND24             c35_CORELIB   109.199997       3   327.599991  
NAND26             c35_CORELIB   163.800003       7  1146.600021  
NAND28             c35_CORELIB   182.000000       1   182.000000  
NAND31             c35_CORELIB    72.800003       2   145.600006  
NAND32             c35_CORELIB   127.400002       1   127.400002  
NAND33             c35_CORELIB   127.400002       2   254.800003  
NOR20              c35_CORELIB    54.599998       1    54.599998  
NOR22              c35_CORELIB    72.800003       1    72.800003  
NOR23              c35_CORELIB    91.000000       3   273.000000  
NOR31              c35_CORELIB    72.800003       4   291.200012  
NOR32              c35_CORELIB    91.000000       2   182.000000  
NOR40              c35_CORELIB    72.800003       1    72.800003  
OAI210             c35_CORELIB    72.800003       3   218.400009  
OAI212             c35_CORELIB    72.800003      10   728.000031  
OAI221             c35_CORELIB    91.000000       1    91.000000  
OAI222             c35_CORELIB    91.000000      10   910.000000  
OAI312             c35_CORELIB   109.199997       1   109.199997  
OAI2110            c35_CORELIB    91.000000       1    91.000000  
OAI2111            c35_CORELIB    91.000000       2   182.000000  
OAI2112            c35_CORELIB   145.600006       3   436.800018  
sqroot_seq_NBITS8_DW01_add_3   4258.799988       1   4258.799988  h
sqroot_seq_NBITS8_DW01_add_4   5532.799965       1   5532.799965  h
sqroot_seq_NBITS8_DW01_inc_1   2056.599991       1   2056.599991  h
sqroot_seq_NBITS8_DW01_sub_2   6297.199974       1   6297.199974  h
sqroot_seq_NBITS8_DW01_sub_4   5459.999962       1   5459.999962  h
-----------------------------------------------------------------------------
Total 55 references                                 44972.199783

****************************************
Design: sqroot_seq_NBITS8_DW01_add_3 
****************************************
Reference          Library       Unit Area   Count    Total Area   Attributes
-----------------------------------------------------------------------------
AOI212             c35_CORELIB    91.000000       1    91.000000  
BUF6               c35_CORELIB    72.800003       1    72.800003  
CLKIN3             c35_CORELIB    36.400002       1    36.400002  
CLKIN6             c35_CORELIB    54.599998       3   163.799995  
INV0               c35_CORELIB    36.400002       2    72.800003  
INV2               c35_CORELIB    36.400002       3   109.200005  
INV3               c35_CORELIB    36.400002      10   364.000015  
INV6               c35_CORELIB    54.599998       1    54.599998  
LOGIC1             c35_CORELIB    36.400002       1    36.400002  
NAND21             c35_CORELIB    54.599998       1    54.599998  
NAND22             c35_CORELIB    54.599998      12   655.199982  
NAND23             c35_CORELIB    91.000000       5   455.000000  
NAND24             c35_CORELIB   109.199997       4   436.799988  
NAND26             c35_CORELIB   163.800003       1   163.800003  
NOR20              c35_CORELIB    54.599998       1    54.599998  
NOR21              c35_CORELIB    54.599998       3   163.799995  
NOR23              c35_CORELIB    91.000000       2   182.000000  
NOR24              c35_CORELIB   109.199997       2   218.399994  
OAI210             c35_CORELIB    72.800003       1    72.800003  
OAI211             c35_CORELIB    72.800003       1    72.800003  
OAI212             c35_CORELIB    72.800003       3   218.400009  
XNR21              c35_CORELIB   109.199997       1   109.199997  
XNR22              c35_CORELIB   200.199997       1   200.199997  
XOR22              c35_CORELIB   200.199997       1   200.199997  
-----------------------------------------------------------------------------
Total 24 references                                  4258.799988

****************************************
Design: sqroot_seq_NBITS8_DW01_add_4 
****************************************
Reference          Library       Unit Area   Count    Total Area   Attributes
-----------------------------------------------------------------------------
AOI210             c35_CORELIB    72.800003       1    72.800003  
AOI212             c35_CORELIB    91.000000       2   182.000000  
CLKIN3             c35_CORELIB    36.400002       2    72.800003  
CLKIN6             c35_CORELIB    54.599998       4   218.399994  
CLKIN12            c35_CORELIB    91.000000       2   182.000000  
INV0               c35_CORELIB    36.400002       2    72.800003  
INV1               c35_CORELIB    36.400002       2    72.800003  
INV2               c35_CORELIB    36.400002       3   109.200005  
INV3               c35_CORELIB    36.400002       2    72.800003  
INV4               c35_CORELIB    54.599998       1    54.599998  
INV6               c35_CORELIB    54.599998       6   327.599991  
LOGIC1             c35_CORELIB    36.400002       1    36.400002  
NAND20             c35_CORELIB    54.599998       1    54.599998  
NAND21             c35_CORELIB    54.599998       2   109.199997  
NAND22             c35_CORELIB    54.599998       9   491.399986  
NAND23             c35_CORELIB    91.000000       5   455.000000  
NAND24             c35_CORELIB   109.199997       5   545.999985  
NAND26             c35_CORELIB   163.800003       3   491.400009  
NAND28             c35_CORELIB   182.000000       2   364.000000  
NOR20              c35_CORELIB    54.599998       1    54.599998  
NOR24              c35_CORELIB   109.199997       5   545.999985  
OAI212             c35_CORELIB    72.800003       3   218.400009  
XNR22              c35_CORELIB   200.199997       1   200.199997  
XOR21              c35_CORELIB   127.400002       1   127.400002  
XOR22              c35_CORELIB   200.199997       2   400.399994  
-----------------------------------------------------------------------------
Total 25 references                                  5532.799965

****************************************
Design: sqroot_seq_NBITS8_DW01_inc_1 
****************************************
Reference          Library       Unit Area   Count    Total Area   Attributes
-----------------------------------------------------------------------------
CLKIN0             c35_CORELIB    36.400002       1    36.400002  
CLKIN2             c35_CORELIB    36.400002       1    36.400002  
INV1               c35_CORELIB    36.400002       1    36.400002  
INV2               c35_CORELIB    36.400002       2    72.800003  
INV3               c35_CORELIB    36.400002       5   182.000008  
NAND21             c35_CORELIB    54.599998       1    54.599998  
NAND22             c35_CORELIB    54.599998       5   272.999992  
NAND24             c35_CORELIB   109.199997       1   109.199997  
NOR21              c35_CORELIB    54.599998       2   109.199997  
NOR22              c35_CORELIB    72.800003       1    72.800003  
XNR21              c35_CORELIB   109.199997       2   218.399994  
XNR22              c35_CORELIB   200.199997       1   200.199997  
XOR21              c35_CORELIB   127.400002       2   254.800003  
XOR22              c35_CORELIB   200.199997       2   400.399994  
-----------------------------------------------------------------------------
Total 14 references                                  2056.599991

****************************************
Design: sqroot_seq_NBITS8_DW01_sub_2 
****************************************
Reference          Library       Unit Area   Count    Total Area   Attributes
-----------------------------------------------------------------------------
AOI211             c35_CORELIB    72.800003       1    72.800003  
AOI212             c35_CORELIB    91.000000       2   182.000000  
CLKIN3             c35_CORELIB    36.400002       1    36.400002  
CLKIN6             c35_CORELIB    54.599998      10   545.999985  
CLKIN8             c35_CORELIB    72.800003       1    72.800003  
INV1               c35_CORELIB    36.400002       2    72.800003  
INV2               c35_CORELIB    36.400002       1    36.400002  
INV3               c35_CORELIB    36.400002      15   546.000023  
INV4               c35_CORELIB    54.599998       2   109.199997  
INV6               c35_CORELIB    54.599998       1    54.599998  
LOGIC0             c35_CORELIB    36.400002       1    36.400002  
NAND21             c35_CORELIB    54.599998       2   109.199997  
NAND22             c35_CORELIB    54.599998      15   818.999977  
NAND23             c35_CORELIB    91.000000       3   273.000000  
NAND24             c35_CORELIB   109.199997      10  1091.999969  
NAND26             c35_CORELIB   163.800003       3   491.400009  
NAND28             c35_CORELIB   182.000000       3   546.000000  
NOR21              c35_CORELIB    54.599998       1    54.599998  
NOR23              c35_CORELIB    91.000000       6   546.000000  
OAI212             c35_CORELIB    72.800003       4   291.200012  
XNR21              c35_CORELIB   109.199997       1   109.199997  
XOR22              c35_CORELIB   200.199997       1   200.199997  
-----------------------------------------------------------------------------
Total 22 references                                  6297.199974

****************************************
Design: sqroot_seq_NBITS8_DW01_sub_4 
****************************************
Reference          Library       Unit Area   Count    Total Area   Attributes
-----------------------------------------------------------------------------
AOI212             c35_CORELIB    91.000000       3   273.000000  
CLKIN4             c35_CORELIB    54.599998       1    54.599998  
CLKIN6             c35_CORELIB    54.599998       1    54.599998  
INV1               c35_CORELIB    36.400002       1    36.400002  
INV2               c35_CORELIB    36.400002       3   109.200005  
INV3               c35_CORELIB    36.400002      15   546.000023  
INV6               c35_CORELIB    54.599998       3   163.799995  
NAND22             c35_CORELIB    54.599998      17   928.199974  
NAND24             c35_CORELIB   109.199997       5   545.999985  
NAND26             c35_CORELIB   163.800003       1   163.800003  
NAND28             c35_CORELIB   182.000000       1   182.000000  
NOR21              c35_CORELIB    54.599998       1    54.599998  
NOR22              c35_CORELIB    72.800003       2   145.600006  
NOR23              c35_CORELIB    91.000000       1    91.000000  
NOR24              c35_CORELIB   109.199997       6   655.199982  
OAI212             c35_CORELIB    72.800003       3   218.400009  
XNR21              c35_CORELIB   109.199997       1   109.199997  
XNR22              c35_CORELIB   200.199997       2   400.399994  
XOR21              c35_CORELIB   127.400002       1   127.400002  
XOR22              c35_CORELIB   200.199997       3   600.599991  
-----------------------------------------------------------------------------
Total 20 references                                  5459.999962
1





16 BITS REPORT:






#  elaborate design
puts "-i- Elaborate design"
-i- Elaborate design
elaborate ${ENTITY_NAME} -architecture ${ARCH_NAME}           -parameters "NBITS = ${NBITS}"           -library DEFAULT -update
Loading db file '/softs/synopsys/syn/2011.09/libraries/syn/gtech.db'
Loading db file '/softs/synopsys/syn/2011.09/libraries/syn/standard.sldb'
  Loading link library 'c35_CORELIB'
  Loading link library 'gtech'
Running PRESTO HDLC

Statistics for case statements in always block at line 60 in file
        './HDL/RTL/sqroot_seq_rtl.vhd'
===============================================
|           Line           |  full/ parallel  |
===============================================
|            63            |    auto/auto     |
===============================================

Statistics for case statements in always block at line 114 in file
        './HDL/RTL/sqroot_seq_rtl.vhd'
===============================================
|           Line           |  full/ parallel  |
===============================================
|           120            |    auto/auto     |
===============================================

Inferred memory devices in process
        in routine sqroot_seq_NBITS16 line 50 in file
                './HDL/RTL/sqroot_seq_rtl.vhd'.
===============================================================================
|    Register Name    |   Type    | Width | Bus | MB | AR | AS | SR | SS | ST |
===============================================================================
|    state_reg_reg    | Flip-flop |   3   |  Y  | N  | Y  | N  | N  | N  | N  |
===============================================================================

Inferred memory devices in process
        in routine sqroot_seq_NBITS16 line 94 in file
                './HDL/RTL/sqroot_seq_rtl.vhd'.
===============================================================================
|    Register Name    |   Type    | Width | Bus | MB | AR | AS | SR | SS | ST |
===============================================================================
|     res_reg_reg     | Flip-flop |  16   |  Y  | N  | Y  | N  | N  | N  | N  |
|    root_reg_reg     | Flip-flop |  16   |  Y  | N  | Y  | N  | N  | N  | N  |
|    delta_reg_reg    | Flip-flop |  16   |  Y  | N  | Y  | N  | N  | N  | N  |
===============================================================================
Presto compilation completed successfully.
Elaborated 1 design.
Current design is now 'sqroot_seq_NBITS16'.


 
****************************************
Report : area
Design : sqroot_seq_NBITS16
Version: F-2011.09-SP5
Date   : Tue Nov 20 13:33:02 2012
****************************************

Library(s) Used:

    c35_CORELIB (File: /dkits/ams/hk370/synopsys/c35_3.3V/c35_CORELIB.db)

Number of ports:                           30
Number of nets:                           487
Number of cells:                          357
Number of combinational cells:            303
Number of sequential cells:                49
Number of macros:                           0
Number of buf/inv:                         92
Number of references:                      61

Combinational area:       71453.199875
Noncombinational area:    15160.599701
Net Interconnect area:    18900.000000 

Total cell area:          86613.799576
Total area:               105513.799576
1
 
****************************************
Report : timing
        -path full
        -delay max
        -max_paths 1
Design : sqroot_seq_NBITS16
Version: F-2011.09-SP5
Date   : Tue Nov 20 13:33:02 2012
****************************************

Operating Conditions: nom_pvt   Library: c35_CORELIB
Wire Load Model Mode: enclosed

  Startpoint: delta_reg_reg[0]
              (rising edge-triggered flip-flop clocked by clk)
  Endpoint: state_reg_reg[0]
            (rising edge-triggered flip-flop clocked by clk)
  Path Group: clk
  Path Type: max

  Des/Clust/Port     Wire Load Model       Library
  ------------------------------------------------
  sqroot_seq_NBITS16 10k                   c35_CORELIB
  sqroot_seq_NBITS16_DW01_add_3
                     10k                   c35_CORELIB
  sqroot_seq_NBITS16_DW01_add_7
                     10k                   c35_CORELIB

  Point                                                   Incr       Path
  --------------------------------------------------------------------------
  clock clk (rise edge)                                   0.00       0.00
  clock network delay (ideal)                             0.00       0.00
  delta_reg_reg[0]/C (DFC3)                               0.00       0.00 r
  delta_reg_reg[0]/Q (DFC3)                               0.76       0.76 f
  add_140/B[1] (sqroot_seq_NBITS16_DW01_add_3)            0.00       0.76 f
  add_140/U163/Q (NAND22)                                 0.29       1.05 r
  add_140/U130/Q (OAI212)                                 0.14       1.20 f
  add_140/U115/Q (AOI212)                                 0.25       1.44 r
  add_140/U74/Q (OAI212)                                  0.12       1.56 f
  add_140/U234/Q (CLKIN6)                                 0.11       1.68 r
  add_140/U235/Q (INV12)                                  0.07       1.75 f
  add_140/U237/Q (AOI212)                                 0.20       1.95 r
  add_140/U53/Q (XOR22)                                   0.29       2.24 f
  add_140/SUM[10] (sqroot_seq_NBITS16_DW01_add_3)         0.00       2.24 f
  U390/Q (AOI222)                                         0.21       2.45 r
  U262/Q (NAND26)                                         0.10       2.55 f
  add_111/A[10] (sqroot_seq_NBITS16_DW01_add_7)           0.00       2.55 f
  add_111/U54/Q (NOR24)                                   0.16       2.71 r
  add_111/U179/Q (NOR23)                                  0.11       2.82 f
  add_111/U177/Q (NAND22)                                 0.15       2.97 r
  add_111/U206/Q (INV3)                                   0.09       3.05 f
  add_111/U175/Q (NAND24)                                 0.15       3.21 r
  add_111/U221/Q (NAND28)                                 0.08       3.28 f
  add_111/U39/Q (AOI212)                                  0.21       3.49 r
  add_111/U26/Q (XOR22)                                   0.31       3.80 f
  add_111/SUM[12] (sqroot_seq_NBITS16_DW01_add_7)         0.00       3.80 f
  U445/Q (CLKIN6)                                         0.10       3.91 r
  U335/Q (NAND24)                                         0.06       3.96 f
  U253/Q (NAND32)                                         0.25       4.22 r
  U151/Q (NOR24)                                          0.08       4.30 f
  U441/Q (OAI2112)                                        0.23       4.53 r
  U450/Q (OAI2112)                                        0.07       4.60 f
  state_reg_reg[0]/D (DFC1)                               0.00       4.60 f
  data arrival time                                                  4.60

  clock clk (rise edge)                                   4.60       4.60
  clock network delay (ideal)                             0.00       4.60
  state_reg_reg[0]/C (DFC1)                               0.00       4.60 r
  library setup time                                      0.00       4.60
  data required time                                                 4.60
  --------------------------------------------------------------------------
  data required time                                                 4.60
  data arrival time                                                 -4.60
  --------------------------------------------------------------------------
  slack (MET)                                                        0.00


1
 
****************************************
Report : resources
Design : sqroot_seq_NBITS16
Version: F-2011.09-SP5
Date   : Tue Nov 20 13:33:02 2012
****************************************

Resource Sharing Report for design sqroot_seq_NBITS16 in file
        ./HDL/RTL/sqroot_seq_rtl.vhd

===============================================================================
|          |              |            | Contained     |                      |
| Resource | Module       | Parameters | Resources     | Contained Operations |
===============================================================================
| r337     | DW_cmp       | width=16   |               | lte_gte_109          |
| r339     | DW_cmp       | width=16   |               | lt_gt_110            |
| r341     | DW01_add     | width=16   |               | add_111              |
| r343     | DW_cmp       | width=16   |               | lte_111              |
| r349     | DW01_add     | width=16   |               | add_140              |
| r351     | DW01_inc     | width=16   |               | add_143              |
| r940     | DW01_sub     | width=16   |               | sub_1_root_sub_0_root_sub_139 |
| r942     | DW01_sub     | width=16   |               | sub_0_root_sub_0_root_sub_139 |
===============================================================================


Implementation Report
===============================================================================
|                    |                  | Current            | Set            |
| Cell               | Module           | Implementation     | Implementation |
===============================================================================
| add_111            | DW01_add         | pparch (area,speed)                 |
| sub_1_root_sub_0_root_sub_139         |                    |                |
|                    | DW01_sub         | pparch (area,speed)                 |
| sub_0_root_sub_0_root_sub_139         |                    |                |
|                    | DW01_sub         | pparch (area,speed)                 |
| add_143            | DW01_inc         | pparch (area,speed)                 |
| add_140            | DW01_add         | pparch (area,speed)                 |
===============================================================================


No multiplexors to report
 
****************************************
Design : sqroot_seq_NBITS16_DW01_add_7
****************************************

No resource sharing information to report.

No implementations to report

No multiplexors to report
 
****************************************
Design : sqroot_seq_NBITS16_DW01_sub_5
****************************************

No resource sharing information to report.

No implementations to report

No multiplexors to report
 
****************************************
Design : sqroot_seq_NBITS16_DW01_sub_4
****************************************

No resource sharing information to report.

No implementations to report

No multiplexors to report
 
****************************************
Design : sqroot_seq_NBITS16_DW01_inc_1
****************************************

No resource sharing information to report.

No implementations to report

No multiplexors to report
 
****************************************
Design : sqroot_seq_NBITS16_DW01_add_3
****************************************

No resource sharing information to report.

No implementations to report

No multiplexors to report
1
 
****************************************
Report : reference
Design : sqroot_seq_NBITS16
Version: F-2011.09-SP5
Date   : Tue Nov 20 13:33:02 2012
****************************************

Attributes:
    b - black box (unknown)
   bo - allows boundary optimization
    d - dont_touch
   mo - map_only
    h - hierarchical
    n - noncombinational
    r - removable
    s - synthetic operator
    u - contains unmapped logic

Reference          Library       Unit Area   Count    Total Area   Attributes
-----------------------------------------------------------------------------
AOI211             c35_CORELIB    72.800003       1    72.800003  
AOI212             c35_CORELIB    91.000000       2   182.000000  
AOI220             c35_CORELIB    91.000000       4   364.000000  
AOI221             c35_CORELIB    91.000000      18  1638.000000  
AOI222             c35_CORELIB   109.199997      24  2620.799927  
AOI310             c35_CORELIB    91.000000       3   273.000000  
AOI311             c35_CORELIB    91.000000       2   182.000000  
AOI312             c35_CORELIB   109.199997       2   218.399994  
AOI2111            c35_CORELIB    91.000000       2   182.000000  
AOI2112            c35_CORELIB   127.400002       2   254.800003  
BUF2               c35_CORELIB    54.599998       4   218.399994  
BUF6               c35_CORELIB    72.800003       2   145.600006  
BUF15              c35_CORELIB   145.600006       1   145.600006  
CLKBU8             c35_CORELIB    91.000000       1    91.000000  
CLKBU12            c35_CORELIB   109.199997       1   109.199997  
CLKIN0             c35_CORELIB    36.400002       3   109.200005  
CLKIN2             c35_CORELIB    36.400002       1    36.400002  
CLKIN3             c35_CORELIB    36.400002      20   728.000031  
CLKIN4             c35_CORELIB    54.599998       1    54.599998  
CLKIN6             c35_CORELIB    54.599998       9   491.399986  
CLKIN12            c35_CORELIB    91.000000       2   182.000000  
DFC1               c35_CORELIB   309.399994       5  1546.999969  n
DFC3               c35_CORELIB   309.399994      44 13613.599731  n
INV0               c35_CORELIB    36.400002       7   254.800011  
INV2               c35_CORELIB    36.400002       6   218.400009  
INV3               c35_CORELIB    36.400002      16   582.400024  
INV6               c35_CORELIB    54.599998      15   818.999977  
INV8               c35_CORELIB    72.800003       1    72.800003  
INV12              c35_CORELIB    91.000000       2   182.000000  
LOGIC0             c35_CORELIB    36.400002       1    36.400002  
LOGIC1             c35_CORELIB    36.400002       1    36.400002  
NAND20             c35_CORELIB    54.599998       4   218.399994  
NAND21             c35_CORELIB    54.599998       3   163.799995  
NAND22             c35_CORELIB    54.599998      34  1856.399948  
NAND23             c35_CORELIB    91.000000       9   819.000000  
NAND24             c35_CORELIB   109.199997      12  1310.399963  
NAND26             c35_CORELIB   163.800003       3   491.400009  
NAND31             c35_CORELIB    72.800003       2   145.600006  
NAND32             c35_CORELIB   127.400002       2   254.800003  
NAND41             c35_CORELIB    91.000000       1    91.000000  
NOR20              c35_CORELIB    54.599998       3   163.799995  
NOR21              c35_CORELIB    54.599998       7   382.199989  
NOR22              c35_CORELIB    72.800003       1    72.800003  
NOR23              c35_CORELIB    91.000000       1    91.000000  
NOR24              c35_CORELIB   109.199997       1   109.199997  
NOR30              c35_CORELIB    72.800003       2   145.600006  
NOR31              c35_CORELIB    72.800003       3   218.400009  
NOR40              c35_CORELIB    72.800003       3   218.400009  
OAI211             c35_CORELIB    72.800003       1    72.800003  
OAI212             c35_CORELIB    72.800003      21  1528.800064  
OAI221             c35_CORELIB    91.000000       4   364.000000  
OAI222             c35_CORELIB    91.000000      19  1729.000000  
OAI310             c35_CORELIB    91.000000       1    91.000000  
OAI311             c35_CORELIB    91.000000       1    91.000000  
OAI312             c35_CORELIB   109.199997       7   764.399979  
OAI2112            c35_CORELIB   145.600006       4   582.400024  
sqroot_seq_NBITS16_DW01_add_3  9245.600014       1   9245.600014  h
sqroot_seq_NBITS16_DW01_add_7 10483.199959       1  10483.199959  h
sqroot_seq_NBITS16_DW01_inc_1  4222.399979       1   4222.399979  h
sqroot_seq_NBITS16_DW01_sub_4 11447.799973       1  11447.799973  h
sqroot_seq_NBITS16_DW01_sub_5 13577.199974       1  13577.199974  h
-----------------------------------------------------------------------------
Total 61 references                                 86613.799576

****************************************
Design: sqroot_seq_NBITS16_DW01_add_3 
****************************************
Reference          Library       Unit Area   Count    Total Area   Attributes
-----------------------------------------------------------------------------
AOI210             c35_CORELIB    72.800003       2   145.600006  
AOI211             c35_CORELIB    72.800003       1    72.800003  
AOI212             c35_CORELIB    91.000000      10   910.000000  
BUF2               c35_CORELIB    54.599998       2   109.199997  
CLKIN2             c35_CORELIB    36.400002       2    72.800003  
CLKIN6             c35_CORELIB    54.599998       3   163.799995  
INV0               c35_CORELIB    36.400002       7   254.800011  
INV1               c35_CORELIB    36.400002       2    72.800003  
INV2               c35_CORELIB    36.400002       7   254.800011  
INV3               c35_CORELIB    36.400002      11   400.400017  
INV12              c35_CORELIB    91.000000       1    91.000000  
LOGIC0             c35_CORELIB    36.400002       1    36.400002  
NAND20             c35_CORELIB    54.599998       5   272.999992  
NAND21             c35_CORELIB    54.599998       5   272.999992  
NAND22             c35_CORELIB    54.599998      18   982.799973  
NAND23             c35_CORELIB    91.000000       1    91.000000  
NAND24             c35_CORELIB   109.199997       2   218.399994  
NOR20              c35_CORELIB    54.599998       2   109.199997  
NOR21              c35_CORELIB    54.599998       6   327.599991  
NOR22              c35_CORELIB    72.800003       5   364.000015  
NOR23              c35_CORELIB    91.000000       7   637.000000  
NOR24              c35_CORELIB   109.199997       3   327.599991  
OAI210             c35_CORELIB    72.800003       2   145.600006  
OAI211             c35_CORELIB    72.800003       1    72.800003  
OAI212             c35_CORELIB    72.800003       9   655.200027  
XNR21              c35_CORELIB   109.199997       2   218.399994  
XNR22              c35_CORELIB   200.199997       2   400.399994  
XOR20              c35_CORELIB   127.400002       1   127.400002  
XOR21              c35_CORELIB   127.400002       5   637.000008  
XOR22              c35_CORELIB   200.199997       4   800.799988  
-----------------------------------------------------------------------------
Total 30 references                                  9245.600014

****************************************
Design: sqroot_seq_NBITS16_DW01_add_7 
****************************************
Reference          Library       Unit Area   Count    Total Area   Attributes
-----------------------------------------------------------------------------
AOI211             c35_CORELIB    72.800003       2   145.600006  
AOI212             c35_CORELIB    91.000000      11  1001.000000  
BUF2               c35_CORELIB    54.599998       1    54.599998  
CLKIN3             c35_CORELIB    36.400002       1    36.400002  
CLKIN6             c35_CORELIB    54.599998       6   327.599991  
CLKIN10            c35_CORELIB    91.000000       1    91.000000  
INV0               c35_CORELIB    36.400002       7   254.800011  
INV1               c35_CORELIB    36.400002       1    36.400002  
INV2               c35_CORELIB    36.400002       3   109.200005  
INV3               c35_CORELIB    36.400002      17   618.800026  
INV6               c35_CORELIB    54.599998       4   218.399994  
LOGIC1             c35_CORELIB    36.400002       1    36.400002  
NAND20             c35_CORELIB    54.599998       7   382.199989  
NAND21             c35_CORELIB    54.599998       3   163.799995  
NAND22             c35_CORELIB    54.599998      17   928.199974  
NAND23             c35_CORELIB    91.000000       4   364.000000  
NAND24             c35_CORELIB   109.199997       3   327.599991  
NAND26             c35_CORELIB   163.800003       1   163.800003  
NAND28             c35_CORELIB   182.000000       1   182.000000  
NOR20              c35_CORELIB    54.599998       1    54.599998  
NOR21              c35_CORELIB    54.599998       2   109.199997  
NOR22              c35_CORELIB    72.800003       5   364.000015  
NOR23              c35_CORELIB    91.000000       6   546.000000  
NOR24              c35_CORELIB   109.199997       9   982.799973  
OAI211             c35_CORELIB    72.800003       1    72.800003  
OAI212             c35_CORELIB    72.800003       7   509.600021  
XNR20              c35_CORELIB   109.199997       1   109.199997  
XNR21              c35_CORELIB   109.199997       4   436.799988  
XNR22              c35_CORELIB   200.199997       2   400.399994  
XOR20              c35_CORELIB   127.400002       1   127.400002  
XOR21              c35_CORELIB   127.400002       1   127.400002  
XOR22              c35_CORELIB   200.199997       6  1201.199982  
-----------------------------------------------------------------------------
Total 32 references                                 10483.199959

****************************************
Design: sqroot_seq_NBITS16_DW01_inc_1 
****************************************
Reference          Library       Unit Area   Count    Total Area   Attributes
-----------------------------------------------------------------------------
CLKIN0             c35_CORELIB    36.400002       1    36.400002  
CLKIN1             c35_CORELIB    36.400002       1    36.400002  
CLKIN2             c35_CORELIB    36.400002       1    36.400002  
CLKIN3             c35_CORELIB    36.400002       1    36.400002  
INV0               c35_CORELIB    36.400002       7   254.800011  
INV1               c35_CORELIB    36.400002       1    36.400002  
INV2               c35_CORELIB    36.400002       1    36.400002  
INV3               c35_CORELIB    36.400002       6   218.400009  
NAND20             c35_CORELIB    54.599998       3   163.799995  
NAND21             c35_CORELIB    54.599998       4   218.399994  
NAND22             c35_CORELIB    54.599998       6   327.599991  
NAND24             c35_CORELIB   109.199997       1   109.199997  
NOR20              c35_CORELIB    54.599998       7   382.199989  
NOR21              c35_CORELIB    54.599998       3   163.799995  
NOR22              c35_CORELIB    72.800003       3   218.400009  
NOR24              c35_CORELIB   109.199997       1   109.199997  
XNR21              c35_CORELIB   109.199997       8   873.599976  
XNR22              c35_CORELIB   200.199997       1   200.199997  
XOR20              c35_CORELIB   127.400002       2   254.800003  
XOR21              c35_CORELIB   127.400002       4   509.600006  
-----------------------------------------------------------------------------
Total 20 references                                  4222.399979

****************************************
Design: sqroot_seq_NBITS16_DW01_sub_4 
****************************************
Reference          Library       Unit Area   Count    Total Area   Attributes
-----------------------------------------------------------------------------
AOI211             c35_CORELIB    72.800003       1    72.800003  
AOI212             c35_CORELIB    91.000000      12  1092.000000  
CLKIN0             c35_CORELIB    36.400002       2    72.800003  
CLKIN2             c35_CORELIB    36.400002       1    36.400002  
CLKIN3             c35_CORELIB    36.400002       2    72.800003  
CLKIN15            c35_CORELIB   109.199997       1   109.199997  
INV0               c35_CORELIB    36.400002      10   364.000015  
INV1               c35_CORELIB    36.400002       6   218.400009  
INV2               c35_CORELIB    36.400002       6   218.400009  
INV3               c35_CORELIB    36.400002      22   800.800034  
INV4               c35_CORELIB    54.599998       2   109.199997  
INV6               c35_CORELIB    54.599998       4   218.399994  
NAND20             c35_CORELIB    54.599998       5   272.999992  
NAND21             c35_CORELIB    54.599998      10   545.999985  
NAND22             c35_CORELIB    54.599998      13   709.799980  
NAND23             c35_CORELIB    91.000000       2   182.000000  
NAND24             c35_CORELIB   109.199997       6   655.199982  
NAND26             c35_CORELIB   163.800003       1   163.800003  
NAND28             c35_CORELIB   182.000000       1   182.000000  
NOR21              c35_CORELIB    54.599998       4   218.399994  
NOR22              c35_CORELIB    72.800003       1    72.800003  
NOR23              c35_CORELIB    91.000000       9   819.000000  
NOR24              c35_CORELIB   109.199997      10  1091.999969  
OAI211             c35_CORELIB    72.800003       2   145.600006  
OAI212             c35_CORELIB    72.800003       8   582.400024  
XNR20              c35_CORELIB   109.199997       3   327.599991  
XNR21              c35_CORELIB   109.199997       1   109.199997  
XNR22              c35_CORELIB   200.199997       5  1000.999985  
XOR20              c35_CORELIB   127.400002       1   127.400002  
XOR21              c35_CORELIB   127.400002       2   254.800003  
XOR22              c35_CORELIB   200.199997       3   600.599991  
-----------------------------------------------------------------------------
Total 31 references                                 11447.799973

****************************************
Design: sqroot_seq_NBITS16_DW01_sub_5 
****************************************
Reference          Library       Unit Area   Count    Total Area   Attributes
-----------------------------------------------------------------------------
AOI210             c35_CORELIB    72.800003       1    72.800003  
AOI211             c35_CORELIB    72.800003       1    72.800003  
AOI212             c35_CORELIB    91.000000      11  1001.000000  
BUF2               c35_CORELIB    54.599998       1    54.599998  
BUF15              c35_CORELIB   145.600006       1   145.600006  
CLKIN0             c35_CORELIB    36.400002       3   109.200005  
CLKIN1             c35_CORELIB    36.400002       1    36.400002  
CLKIN3             c35_CORELIB    36.400002       1    36.400002  
CLKIN4             c35_CORELIB    54.599998       1    54.599998  
CLKIN6             c35_CORELIB    54.599998      13   709.799980  
CLKIN10            c35_CORELIB    91.000000       1    91.000000  
INV0               c35_CORELIB    36.400002       5   182.000008  
INV1               c35_CORELIB    36.400002       4   145.600006  
INV2               c35_CORELIB    36.400002       1    36.400002  
INV3               c35_CORELIB    36.400002      28  1019.200043  
INV4               c35_CORELIB    54.599998       1    54.599998  
INV6               c35_CORELIB    54.599998       4   218.399994  
LOGIC0             c35_CORELIB    36.400002       1    36.400002  
NAND20             c35_CORELIB    54.599998       1    54.599998  
NAND21             c35_CORELIB    54.599998       7   382.199989  
NAND22             c35_CORELIB    54.599998      23  1255.799965  
NAND23             c35_CORELIB    91.000000       4   364.000000  
NAND24             c35_CORELIB   109.199997       7   764.399979  
NAND26             c35_CORELIB   163.800003       3   491.400009  
NAND28             c35_CORELIB   182.000000       2   364.000000  
NOR20              c35_CORELIB    54.599998       4   218.399994  
NOR21              c35_CORELIB    54.599998       2   109.199997  
NOR22              c35_CORELIB    72.800003       4   291.200012  
NOR23              c35_CORELIB    91.000000      11  1001.000000  
NOR24              c35_CORELIB   109.199997      10  1091.999969  
OAI210             c35_CORELIB    72.800003       1    72.800003  
OAI212             c35_CORELIB    72.800003      12   873.600037  
XNR21              c35_CORELIB   109.199997       1   109.199997  
XNR22              c35_CORELIB   200.199997       6  1201.199982  
XOR21              c35_CORELIB   127.400002       2   254.800003  
XOR22              c35_CORELIB   200.199997       3   600.599991  
-----------------------------------------------------------------------------
Total 36 references                                 13577.199974
1






32 BITS REPORT:






#  elaborate design
puts "-i- Elaborate design"
-i- Elaborate design
elaborate ${ENTITY_NAME} -architecture ${ARCH_NAME}           -parameters "NBITS = ${NBITS}"           -library DEFAULT -update
Loading db file '/softs/synopsys/syn/2011.09/libraries/syn/gtech.db'
Loading db file '/softs/synopsys/syn/2011.09/libraries/syn/standard.sldb'
  Loading link library 'c35_CORELIB'
  Loading link library 'gtech'
Running PRESTO HDLC

Statistics for case statements in always block at line 60 in file
        './HDL/RTL/sqroot_seq_rtl.vhd'
===============================================
|           Line           |  full/ parallel  |
===============================================
|            63            |    auto/auto     |
===============================================

Statistics for case statements in always block at line 114 in file
        './HDL/RTL/sqroot_seq_rtl.vhd'
===============================================
|           Line           |  full/ parallel  |
===============================================
|           120            |    auto/auto     |
===============================================

Inferred memory devices in process
        in routine sqroot_seq_NBITS32 line 50 in file
                './HDL/RTL/sqroot_seq_rtl.vhd'.
===============================================================================
|    Register Name    |   Type    | Width | Bus | MB | AR | AS | SR | SS | ST |
===============================================================================
|    state_reg_reg    | Flip-flop |   3   |  Y  | N  | Y  | N  | N  | N  | N  |
===============================================================================

Inferred memory devices in process
        in routine sqroot_seq_NBITS32 line 94 in file
                './HDL/RTL/sqroot_seq_rtl.vhd'.
===============================================================================
|    Register Name    |   Type    | Width | Bus | MB | AR | AS | SR | SS | ST |
===============================================================================
|     res_reg_reg     | Flip-flop |  32   |  Y  | N  | Y  | N  | N  | N  | N  |
|    root_reg_reg     | Flip-flop |  32   |  Y  | N  | Y  | N  | N  | N  | N  |
|    delta_reg_reg    | Flip-flop |  32   |  Y  | N  | Y  | N  | N  | N  | N  |
===============================================================================
Presto compilation completed successfully.
Elaborated 1 design.
Current design is now 'sqroot_seq_NBITS32'.



 
****************************************
Report : area
Design : sqroot_seq_NBITS32
Version: F-2011.09-SP5
Date   : Tue Nov 20 13:37:09 2012
****************************************

Library(s) Used:

    c35_CORELIB (File: /dkits/ams/hk370/synopsys/c35_3.3V/c35_CORELIB.db)

Number of ports:                           54
Number of nets:                           670
Number of cells:                          436
Number of combinational cells:            332
Number of sequential cells:                97
Number of macros:                           0
Number of buf/inv:                         80
Number of references:                      51

Combinational area:       164073.000214
Noncombinational area:    30011.799408
Net Interconnect area:    42327.000000 

Total cell area:          194084.799622
Total area:               236411.799622
1
 
****************************************
Report : timing
        -path full
        -delay max
        -max_paths 1
Design : sqroot_seq_NBITS32
Version: F-2011.09-SP5
Date   : Tue Nov 20 13:37:09 2012
****************************************

Operating Conditions: nom_pvt   Library: c35_CORELIB
Wire Load Model Mode: enclosed

  Startpoint: state_reg_reg[0]
              (rising edge-triggered flip-flop clocked by clk)
  Endpoint: state_reg_reg[0]
            (rising edge-triggered flip-flop clocked by clk)
  Path Group: clk
  Path Type: max

  Des/Clust/Port     Wire Load Model       Library
  ------------------------------------------------
  sqroot_seq_NBITS32 10k                   c35_CORELIB
  sqroot_seq_NBITS32_DW01_add_5
                     10k                   c35_CORELIB
  sqroot_seq_NBITS32_DW_cmp_6
                     10k                   c35_CORELIB

  Point                                                   Incr       Path
  --------------------------------------------------------------------------
  clock clk (rise edge)                                   0.00       0.00
  clock network delay (ideal)                             0.00       0.00
  state_reg_reg[0]/C (DFC1)                               0.00       0.00 r
  state_reg_reg[0]/QN (DFC1)                              0.60       0.60 f
  U311/Q (BUF8)                                           0.25       0.86 f
  U395/Q (NAND28)                                         0.09       0.95 r
  U320/Q (CLKIN6)                                         0.08       1.02 f
  U321/Q (NAND23)                                         0.24       1.26 r
  U317/Q (CLKIN6)                                         0.10       1.37 f
  U318/Q (BUF12)                                          0.27       1.63 f
  U519/Q (AOI220)                                         0.36       1.99 r
  U480/Q (NAND22)                                         0.17       2.17 f
  add_111/A[1] (sqroot_seq_NBITS32_DW01_add_5)            0.00       2.17 f
  add_111/U602/Q (NOR22)                                  0.17       2.34 r
  add_111/U363/Q (CLKIN4)                                 0.08       2.42 f
  add_111/U598/Q (NAND20)                                 0.31       2.73 r
  add_111/U597/Q (XNR20)                                  0.60       3.33 f
  add_111/SUM[1] (sqroot_seq_NBITS32_DW01_add_5)          0.00       3.33 f
  lte_111/A[1] (sqroot_seq_NBITS32_DW_cmp_6)              0.00       3.33 f
  lte_111/U262/Q (CLKIN2)                                 0.18       3.51 r
  lte_111/U303/Q (NOR21)                                  0.17       3.68 f
  lte_111/U137/Q (OAI212)                                 0.20       3.88 r
  lte_111/U291/Q (AOI211)                                 0.18       4.06 f
  lte_111/U129/Q (OAI212)                                 0.20       4.26 r
  lte_111/U231/Q (AOI212)                                 0.13       4.39 f
  lte_111/U111/Q (OAI212)                                 0.19       4.57 r
  lte_111/U88/Q (AOI212)                                  0.13       4.70 f
  lte_111/U57/Q (OAI212)                                  0.19       4.89 r
  lte_111/U26/Q (AOI212)                                  0.13       5.01 f
  lte_111/U1/Q (OAI212)                                   0.19       5.20 r
  lte_111/GE_LT_GT_LE (sqroot_seq_NBITS32_DW_cmp_6)       0.00       5.20 r
  U518/Q (INV3)                                           0.06       5.26 f
  U344/Q (OAI212)                                         0.13       5.39 r
  U416/Q (AOI212)                                         0.10       5.50 f
  state_reg_reg[0]/D (DFC1)                               0.00       5.50 f
  data arrival time                                                  5.50

  clock clk (rise edge)                                   5.50       5.50
  clock network delay (ideal)                             0.00       5.50
  state_reg_reg[0]/C (DFC1)                               0.00       5.50 r
  library setup time                                      0.00       5.50
  data required time                                                 5.50
  --------------------------------------------------------------------------
  data required time                                                 5.50
  data arrival time                                                 -5.50
  --------------------------------------------------------------------------
  slack (MET)                                                        0.00


1
 
****************************************
Report : resources
Design : sqroot_seq_NBITS32
Version: F-2011.09-SP5
Date   : Tue Nov 20 13:37:09 2012
****************************************

Resource Sharing Report for design sqroot_seq_NBITS32 in file
        ./HDL/RTL/sqroot_seq_rtl.vhd

===============================================================================
|          |              |            | Contained     |                      |
| Resource | Module       | Parameters | Resources     | Contained Operations |
===============================================================================
| r337     | DW_cmp       | width=32   |               | lte_gte_109          |
| r339     | DW_cmp       | width=32   |               | lt_gt_110            |
| r341     | DW01_add     | width=32   |               | add_111              |
| r343     | DW_cmp       | width=32   |               | lte_111              |
| r349     | DW01_add     | width=32   |               | add_140              |
| r351     | DW01_inc     | width=32   |               | add_143              |
| r940     | DW01_sub     | width=32   |               | sub_1_root_sub_0_root_sub_139 |
| r942     | DW01_sub     | width=32   |               | sub_0_root_sub_0_root_sub_139 |
===============================================================================


Implementation Report
===============================================================================
|                    |                  | Current            | Set            |
| Cell               | Module           | Implementation     | Implementation |
===============================================================================
| sub_1_root_sub_0_root_sub_139         |                    |                |
|                    | DW01_sub         | pparch (area,speed)                 |
| add_140            | DW01_add         | pparch (area,speed)                 |
| add_111            | DW01_add         | pparch (area,speed)                 |
| lte_111            | DW_cmp           | pparch (area,speed)                 |
| sub_0_root_sub_0_root_sub_139         |                    |                |
|                    | DW01_sub         | pparch (area,speed)                 |
| lt_gt_110          | DW_cmp           | pparch (area,speed)                 |
| add_143            | DW01_inc         | pparch (area,speed)                 |
===============================================================================


No multiplexors to report
 
****************************************
Design : sqroot_seq_NBITS32_DW01_sub_7
****************************************

No resource sharing information to report.

No implementations to report

No multiplexors to report
 
****************************************
Design : sqroot_seq_NBITS32_DW01_add_6
****************************************

No resource sharing information to report.

No implementations to report

No multiplexors to report
 
****************************************
Design : sqroot_seq_NBITS32_DW01_add_5
****************************************

No resource sharing information to report.

No implementations to report

No multiplexors to report
 
****************************************
Design : sqroot_seq_NBITS32_DW_cmp_6
****************************************

No resource sharing information to report.

No implementations to report

No multiplexors to report
 
****************************************
Design : sqroot_seq_NBITS32_DW01_sub_5
****************************************

No resource sharing information to report.

No implementations to report

No multiplexors to report
 
****************************************
Design : sqroot_seq_NBITS32_DW_cmp_5
****************************************

No resource sharing information to report.

No implementations to report

No multiplexors to report
 
****************************************
Design : sqroot_seq_NBITS32_DW01_inc_1
****************************************

No resource sharing information to report.

No implementations to report

No multiplexors to report
1
 
****************************************
Report : reference
Design : sqroot_seq_NBITS32
Version: F-2011.09-SP5
Date   : Tue Nov 20 13:37:09 2012
****************************************

Attributes:
    b - black box (unknown)
   bo - allows boundary optimization
    d - dont_touch
   mo - map_only
    h - hierarchical
    n - noncombinational
    r - removable
    s - synthetic operator
    u - contains unmapped logic

Reference          Library       Unit Area   Count    Total Area   Attributes
-----------------------------------------------------------------------------
AOI212             c35_CORELIB    91.000000       1    91.000000  
AOI220             c35_CORELIB    91.000000      38  3458.000000  
AOI221             c35_CORELIB    91.000000      30  2730.000000  
AOI222             c35_CORELIB   109.199997      28  3057.599915  
BUF2               c35_CORELIB    54.599998      23  1255.799965  
BUF6               c35_CORELIB    72.800003       3   218.400009  
BUF8               c35_CORELIB    91.000000       1    91.000000  
BUF12              c35_CORELIB   109.199997       1   109.199997  
BUF15              c35_CORELIB   145.600006       1   145.600006  
CLKBU4             c35_CORELIB    72.800003       2   145.600006  
CLKBU15            c35_CORELIB   145.600006       5   728.000031  
CLKIN1             c35_CORELIB    36.400002       1    36.400002  
CLKIN3             c35_CORELIB    36.400002       8   291.200012  
CLKIN6             c35_CORELIB    54.599998       5   272.999992  
DFC1               c35_CORELIB   309.399994       9  2784.599945  n
DFC3               c35_CORELIB   309.399994      88 27227.199463  n
INV0               c35_CORELIB    36.400002       2    72.800003  
INV3               c35_CORELIB    36.400002      15   546.000023  
INV6               c35_CORELIB    54.599998       6   327.599991  
INV8               c35_CORELIB    72.800003       2   145.600006  
INV12              c35_CORELIB    91.000000       3   273.000000  
INV15              c35_CORELIB   109.199997       2   218.399994  
LOGIC0             c35_CORELIB    36.400002       1    36.400002  
LOGIC1             c35_CORELIB    36.400002       1    36.400002  
NAND20             c35_CORELIB    54.599998       1    54.599998  
NAND21             c35_CORELIB    54.599998       1    54.599998  
NAND22             c35_CORELIB    54.599998      27  1474.199959  
NAND23             c35_CORELIB    91.000000      12  1092.000000  
NAND24             c35_CORELIB   109.199997      26  2839.199921  
NAND26             c35_CORELIB   163.800003      16  2620.800049  
NAND28             c35_CORELIB   182.000000      16  2912.000000  
NAND30             c35_CORELIB    72.800003       1    72.800003  
NAND31             c35_CORELIB    72.800003       1    72.800003  
NAND32             c35_CORELIB   127.400002       1   127.400002  
NAND33             c35_CORELIB   127.400002       1   127.400002  
NAND34             c35_CORELIB   163.800003       1   163.800003  
NAND41             c35_CORELIB    91.000000       1    91.000000  
NOR20              c35_CORELIB    54.599998       1    54.599998  
NOR21              c35_CORELIB    54.599998       1    54.599998  
NOR24              c35_CORELIB   109.199997       1   109.199997  
NOR40              c35_CORELIB    72.800003       8   582.400024  
OAI212             c35_CORELIB    72.800003       6   436.800018  
OAI222             c35_CORELIB    91.000000      30  2730.000000  
OAI311             c35_CORELIB    91.000000       1    91.000000  
sqroot_seq_NBITS32_DW01_add_5 26189.800011       1  26189.800011  h
sqroot_seq_NBITS32_DW01_add_6 23059.400024       1  23059.400024  h
sqroot_seq_NBITS32_DW01_inc_1 10355.799980       1  10355.799980  h
sqroot_seq_NBITS32_DW01_sub_5 24843.000046       1  24843.000046  h
sqroot_seq_NBITS32_DW01_sub_7 28082.600082       1  28082.600082  h
sqroot_seq_NBITS32_DW_cmp_5   10155.600098       1  10155.600098  h
sqroot_seq_NBITS32_DW_cmp_6   11338.600044       1  11338.600044  h
-----------------------------------------------------------------------------
Total 51 references                                 194084.799622

****************************************
Design: sqroot_seq_NBITS32_DW01_add_5 
****************************************
Reference          Library       Unit Area   Count    Total Area   Attributes
-----------------------------------------------------------------------------
AOI210             c35_CORELIB    72.800003       5   364.000015  
AOI211             c35_CORELIB    72.800003       4   291.200012  
AOI212             c35_CORELIB    91.000000      18  1638.000000  
BUF15              c35_CORELIB   145.600006       1   145.600006  
CLKIN0             c35_CORELIB    36.400002       3   109.200005  
CLKIN1             c35_CORELIB    36.400002       1    36.400002  
CLKIN2             c35_CORELIB    36.400002       1    36.400002  
CLKIN3             c35_CORELIB    36.400002       6   218.400009  
CLKIN4             c35_CORELIB    54.599998       1    54.599998  
CLKIN6             c35_CORELIB    54.599998      11   600.599983  
CLKIN8             c35_CORELIB    72.800003       1    72.800003  
INV0               c35_CORELIB    36.400002      11   400.400017  
INV1               c35_CORELIB    36.400002       7   254.800011  
INV2               c35_CORELIB    36.400002      12   436.800018  
INV3               c35_CORELIB    36.400002      39  1419.600060  
INV4               c35_CORELIB    54.599998       1    54.599998  
INV6               c35_CORELIB    54.599998       6   327.599991  
INV15              c35_CORELIB   109.199997       1   109.199997  
LOGIC0             c35_CORELIB    36.400002       1    36.400002  
NAND20             c35_CORELIB    54.599998      20  1091.999969  
NAND21             c35_CORELIB    54.599998       9   491.399986  
NAND22             c35_CORELIB    54.599998      45  2456.999931  
NAND23             c35_CORELIB    91.000000       9   819.000000  
NAND24             c35_CORELIB   109.199997      15  1637.999954  
NAND26             c35_CORELIB   163.800003      11  1801.800034  
NAND28             c35_CORELIB   182.000000       4   728.000000  
NOR20              c35_CORELIB    54.599998       1    54.599998  
NOR21              c35_CORELIB    54.599998       2   109.199997  
NOR22              c35_CORELIB    72.800003      11   800.800034  
NOR23              c35_CORELIB    91.000000      15  1365.000000  
NOR24              c35_CORELIB   109.199997      21  2293.199936  
OAI210             c35_CORELIB    72.800003       1    72.800003  
OAI211             c35_CORELIB    72.800003       5   364.000015  
OAI212             c35_CORELIB    72.800003      26  1892.800079  
XNR20              c35_CORELIB   109.199997       1   109.199997  
XNR21              c35_CORELIB   109.199997       9   982.799973  
XNR22              c35_CORELIB   200.199997       5  1000.999985  
XOR21              c35_CORELIB   127.400002       4   509.600006  
XOR22              c35_CORELIB   200.199997       4   800.799988  
XOR31              c35_CORELIB   200.199997       1   200.199997  
-----------------------------------------------------------------------------
Total 40 references                                 26189.800011

****************************************
Design: sqroot_seq_NBITS32_DW01_add_6 
****************************************
Reference          Library       Unit Area   Count    Total Area   Attributes
-----------------------------------------------------------------------------
AOI210             c35_CORELIB    72.800003       5   364.000015  
AOI211             c35_CORELIB    72.800003       7   509.600021  
AOI212             c35_CORELIB    91.000000      11  1001.000000  
BUF2               c35_CORELIB    54.599998       6   327.599991  
CLKBU15            c35_CORELIB   145.600006       1   145.600006  
CLKIN0             c35_CORELIB    36.400002       8   291.200012  
CLKIN1             c35_CORELIB    36.400002       1    36.400002  
CLKIN2             c35_CORELIB    36.400002       1    36.400002  
CLKIN3             c35_CORELIB    36.400002       4   145.600006  
CLKIN4             c35_CORELIB    54.599998       1    54.599998  
CLKIN6             c35_CORELIB    54.599998       4   218.399994  
CLKIN8             c35_CORELIB    72.800003       1    72.800003  
INV0               c35_CORELIB    36.400002      15   546.000023  
INV1               c35_CORELIB    36.400002       1    36.400002  
INV2               c35_CORELIB    36.400002       6   218.400009  
INV3               c35_CORELIB    36.400002      30  1092.000046  
INV6               c35_CORELIB    54.599998       2   109.199997  
LOGIC0             c35_CORELIB    36.400002       1    36.400002  
NAND20             c35_CORELIB    54.599998      15   818.999977  
NAND21             c35_CORELIB    54.599998      25  1364.999962  
NAND22             c35_CORELIB    54.599998      36  1965.599945  
NAND23             c35_CORELIB    91.000000       3   273.000000  
NAND24             c35_CORELIB   109.199997       6   655.199982  
NOR20              c35_CORELIB    54.599998       3   163.799995  
NOR21              c35_CORELIB    54.599998      10   545.999985  
NOR22              c35_CORELIB    72.800003      12   873.600037  
NOR23              c35_CORELIB    91.000000      17  1547.000000  
NOR24              c35_CORELIB   109.199997      12  1310.399963  
OAI210             c35_CORELIB    72.800003       2   145.600006  
OAI211             c35_CORELIB    72.800003       9   655.200027  
OAI212             c35_CORELIB    72.800003      31  2256.800095  
XNR21              c35_CORELIB   109.199997       6   655.199982  
XNR22              c35_CORELIB   200.199997      18  3603.599945  
XOR20              c35_CORELIB   127.400002       1   127.400002  
XOR21              c35_CORELIB   127.400002       2   254.800003  
XOR22              c35_CORELIB   200.199997       3   600.599991  
-----------------------------------------------------------------------------
Total 36 references                                 23059.400024

****************************************
Design: sqroot_seq_NBITS32_DW01_inc_1 
****************************************
Reference          Library       Unit Area   Count    Total Area   Attributes
-----------------------------------------------------------------------------
CLKIN0             c35_CORELIB    36.400002      11   400.400017  
CLKIN6             c35_CORELIB    54.599998       3   163.799995  
INV0               c35_CORELIB    36.400002      16   582.400024  
INV1               c35_CORELIB    36.400002       2    72.800003  
INV3               c35_CORELIB    36.400002      11   400.400017  
INV6               c35_CORELIB    54.599998       2   109.199997  
INV8               c35_CORELIB    72.800003       1    72.800003  
NAND20             c35_CORELIB    54.599998       9   491.399986  
NAND21             c35_CORELIB    54.599998       7   382.199989  
NAND22             c35_CORELIB    54.599998      26  1419.599960  
NAND23             c35_CORELIB    91.000000       3   273.000000  
NAND24             c35_CORELIB   109.199997       2   218.399994  
NAND28             c35_CORELIB   182.000000       1   182.000000  
NOR20              c35_CORELIB    54.599998       8   436.799988  
NOR21              c35_CORELIB    54.599998      12   655.199982  
NOR22              c35_CORELIB    72.800003       2   145.600006  
NOR23              c35_CORELIB    91.000000       3   273.000000  
NOR24              c35_CORELIB   109.199997       2   218.399994  
XNR21              c35_CORELIB   109.199997       5   545.999985  
XOR20              c35_CORELIB   127.400002       8  1019.200012  
XOR21              c35_CORELIB   127.400002      18  2293.200027  
-----------------------------------------------------------------------------
Total 21 references                                 10355.799980

****************************************
Design: sqroot_seq_NBITS32_DW01_sub_5 
****************************************
Reference          Library       Unit Area   Count    Total Area   Attributes
-----------------------------------------------------------------------------
AOI210             c35_CORELIB    72.800003       3   218.400009  
AOI211             c35_CORELIB    72.800003       7   509.600021  
AOI212             c35_CORELIB    91.000000      14  1274.000000  
AOI312             c35_CORELIB   109.199997       1   109.199997  
BUF2               c35_CORELIB    54.599998       4   218.399994  
BUF15              c35_CORELIB   145.600006       1   145.600006  
CLKIN0             c35_CORELIB    36.400002      17   618.800026  
CLKIN1             c35_CORELIB    36.400002       2    72.800003  
CLKIN2             c35_CORELIB    36.400002       1    36.400002  
CLKIN3             c35_CORELIB    36.400002       5   182.000008  
CLKIN6             c35_CORELIB    54.599998       3   163.799995  
CLKIN12            c35_CORELIB    91.000000       1    91.000000  
INV0               c35_CORELIB    36.400002      34  1237.600052  
INV1               c35_CORELIB    36.400002       8   291.200012  
INV2               c35_CORELIB    36.400002       7   254.800011  
INV3               c35_CORELIB    36.400002      21   764.400032  
INV4               c35_CORELIB    54.599998       2   109.199997  
INV6               c35_CORELIB    54.599998       6   327.599991  
INV15              c35_CORELIB   109.199997       1   109.199997  
NAND20             c35_CORELIB    54.599998      13   709.799980  
NAND21             c35_CORELIB    54.599998      20  1091.999969  
NAND22             c35_CORELIB    54.599998      37  2020.199944  
NAND23             c35_CORELIB    91.000000       5   455.000000  
NAND24             c35_CORELIB   109.199997      10  1091.999969  
NAND26             c35_CORELIB   163.800003       4   655.200012  
NAND28             c35_CORELIB   182.000000       1   182.000000  
NOR20              c35_CORELIB    54.599998       1    54.599998  
NOR21              c35_CORELIB    54.599998       6   327.599991  
NOR22              c35_CORELIB    72.800003      11   800.800034  
NOR23              c35_CORELIB    91.000000      15  1365.000000  
NOR24              c35_CORELIB   109.199997      14  1528.799957  
OAI210             c35_CORELIB    72.800003       1    72.800003  
OAI211             c35_CORELIB    72.800003       5   364.000015  
OAI212             c35_CORELIB    72.800003      28  2038.400085  
XNR20              c35_CORELIB   109.199997       1   109.199997  
XNR21              c35_CORELIB   109.199997       5   545.999985  
XNR22              c35_CORELIB   200.199997      16  3203.199951  
XOR20              c35_CORELIB   127.400002       3   382.200005  
XOR21              c35_CORELIB   127.400002       4   509.600006  
XOR22              c35_CORELIB   200.199997       3   600.599991  
-----------------------------------------------------------------------------
Total 40 references                                 24843.000046

****************************************
Design: sqroot_seq_NBITS32_DW01_sub_7 
****************************************
Reference          Library       Unit Area   Count    Total Area   Attributes
-----------------------------------------------------------------------------
AOI210             c35_CORELIB    72.800003       6   436.800018  
AOI211             c35_CORELIB    72.800003       9   655.200027  
AOI212             c35_CORELIB    91.000000      10   910.000000  
BUF2               c35_CORELIB    54.599998       2   109.199997  
BUF12              c35_CORELIB   109.199997       1   109.199997  
CLKBU12            c35_CORELIB   109.199997       1   109.199997  
CLKBU15            c35_CORELIB   145.600006       2   291.200012  
CLKIN0             c35_CORELIB    36.400002       6   218.400009  
CLKIN1             c35_CORELIB    36.400002       2    72.800003  
CLKIN2             c35_CORELIB    36.400002       2    72.800003  
CLKIN3             c35_CORELIB    36.400002      10   364.000015  
CLKIN4             c35_CORELIB    54.599998       2   109.199997  
CLKIN6             c35_CORELIB    54.599998      15   818.999977  
CLKIN8             c35_CORELIB    72.800003       2   145.600006  
CLKIN10            c35_CORELIB    91.000000       1    91.000000  
INV0               c35_CORELIB    36.400002      14   509.600021  
INV1               c35_CORELIB    36.400002       7   254.800011  
INV2               c35_CORELIB    36.400002      12   436.800018  
INV3               c35_CORELIB    36.400002      44  1601.600067  
INV4               c35_CORELIB    54.599998       3   163.799995  
INV6               c35_CORELIB    54.599998       4   218.399994  
INV12              c35_CORELIB    91.000000       1    91.000000  
LOGIC1             c35_CORELIB    36.400002       1    36.400002  
NAND20             c35_CORELIB    54.599998      14   764.399979  
NAND21             c35_CORELIB    54.599998      17   928.199974  
NAND22             c35_CORELIB    54.599998      49  2675.399925  
NAND23             c35_CORELIB    91.000000      10   910.000000  
NAND24             c35_CORELIB   109.199997      18  1965.599945  
NAND26             c35_CORELIB   163.800003       8  1310.400024  
NAND28             c35_CORELIB   182.000000       3   546.000000  
NOR20              c35_CORELIB    54.599998       1    54.599998  
NOR21              c35_CORELIB    54.599998       9   491.399986  
NOR22              c35_CORELIB    72.800003      16  1164.800049  
NOR23              c35_CORELIB    91.000000      10   910.000000  
NOR24              c35_CORELIB   109.199997      16  1747.199951  
OAI211             c35_CORELIB    72.800003       5   364.000015  
OAI212             c35_CORELIB    72.800003      37  2693.600113  
XNR20              c35_CORELIB   109.199997       1   109.199997  
XNR21              c35_CORELIB   109.199997       1   109.199997  
XNR22              c35_CORELIB   200.199997      14  2802.799957  
XOR21              c35_CORELIB   127.400002       4   509.600006  
XOR22              c35_CORELIB   200.199997       1   200.199997  
-----------------------------------------------------------------------------
Total 42 references                                 28082.600082

****************************************
Design: sqroot_seq_NBITS32_DW_cmp_5 
****************************************
Reference          Library       Unit Area   Count    Total Area   Attributes
-----------------------------------------------------------------------------
AOI211             c35_CORELIB    72.800003       5   364.000015  
AOI212             c35_CORELIB    91.000000      11  1001.000000  
CLKIN0             c35_CORELIB    36.400002       6   218.400009  
CLKIN2             c35_CORELIB    36.400002       1    36.400002  
CLKIN3             c35_CORELIB    36.400002       7   254.800011  
CLKIN6             c35_CORELIB    54.599998       1    54.599998  
INV0               c35_CORELIB    36.400002      18   655.200027  
INV2               c35_CORELIB    36.400002      10   364.000015  
INV3               c35_CORELIB    36.400002      23   837.200035  
INV6               c35_CORELIB    54.599998       1    54.599998  
NAND20             c35_CORELIB    54.599998       8   436.799988  
NAND21             c35_CORELIB    54.599998      10   545.999985  
NAND22             c35_CORELIB    54.599998      23  1255.799965  
NAND23             c35_CORELIB    91.000000       2   182.000000  
NOR20              c35_CORELIB    54.599998       2   109.199997  
NOR21              c35_CORELIB    54.599998      18   982.799973  
NOR22              c35_CORELIB    72.800003      14  1019.200043  
NOR23              c35_CORELIB    91.000000       4   364.000000  
NOR24              c35_CORELIB   109.199997       3   327.599991  
OAI211             c35_CORELIB    72.800003       1    72.800003  
OAI212             c35_CORELIB    72.800003      14  1019.200043  
-----------------------------------------------------------------------------
Total 21 references                                 10155.600098

****************************************
Design: sqroot_seq_NBITS32_DW_cmp_6 
****************************************
Reference          Library       Unit Area   Count    Total Area   Attributes
-----------------------------------------------------------------------------
AOI211             c35_CORELIB    72.800003       3   218.400009  
AOI212             c35_CORELIB    91.000000      11  1001.000000  
CLKIN2             c35_CORELIB    36.400002       4   145.600006  
CLKIN3             c35_CORELIB    36.400002      25   910.000038  
CLKIN4             c35_CORELIB    54.599998       1    54.599998  
CLKIN6             c35_CORELIB    54.599998       9   491.399986  
CLKIN12            c35_CORELIB    91.000000       2   182.000000  
INV2               c35_CORELIB    36.400002       1    36.400002  
INV3               c35_CORELIB    36.400002      13   473.200020  
INV6               c35_CORELIB    54.599998       2   109.199997  
INV8               c35_CORELIB    72.800003       1    72.800003  
NAND20             c35_CORELIB    54.599998       4   218.399994  
NAND21             c35_CORELIB    54.599998      19  1037.399971  
NAND22             c35_CORELIB    54.599998      11   600.599983  
NAND23             c35_CORELIB    91.000000       5   455.000000  
NAND24             c35_CORELIB   109.199997       3   327.599991  
NOR20              c35_CORELIB    54.599998       1    54.599998  
NOR21              c35_CORELIB    54.599998      13   709.799980  
NOR22              c35_CORELIB    72.800003      13   946.400040  
NOR23              c35_CORELIB    91.000000      13  1183.000000  
NOR24              c35_CORELIB   109.199997       8   873.599976  
OAI212             c35_CORELIB    72.800003      17  1237.600052  
-----------------------------------------------------------------------------
Total 22 references                                 11338.600044
1
